<html>
<body>
<pre>
<h1>µVision Build Log</h1>
<h2>Project:</h2>
N:\ECE254\Repo\lab1\starter\Multiproj\HelloWorld\HelloWorld.uvproj
Project File Date:  05/15/2018

<h2>Output:</h2>
  
*** Note: 'Create Batch File' is active - using 'Rebuild'.
Rebuild Project 'RTX_Lib_CM' - Target 'CM3_LE'
compiling rt_Task.c...
compiling rt_System.c...
compiling rt_Event.c...
compiling rt_List.c...
compiling rt_Mailbox.c...
compiling rt_Semaphore.c...
compiling rt_Time.c...
compiling rt_Timer.c...
compiling rt_Mutex.c...
compiling rt_Robin.c...
compiling rt_MemBox.c...
compiling rt_Task_ext.c...
N:\ECE254\Repo\lab1\starter\Multiproj\RTX_CM3\SRC\CM\rt_Task_ext.c(66): warning:  #223-D: function "printf" declared implicitly
assembling SVC_Table.s...
compiling HAL_CM3.c...
creating Library...
User command #1: cmd.exe /C copy ArInp.Scr CM3_LE\BuildLib.scr
        1 file(s) copied.
".\CM3_LE\RTX_CM3.lib" - 0 Error(s), 1 Warning(s).
  
Build Project 'HelloWorld' - Target 'HelloWorld SIM'
compiling helloworld.c...
N:\ECE254\Repo\lab1\starter\Multiproj\HelloWorld\src\helloworld.c(34): error:  #167: argument of type "RL_TASK_INFO" is incompatible with parameter of type "RL_TASK_INFO *"
N:\ECE254\Repo\lab1\starter\Multiproj\HelloWorld\src\helloworld.c(38): error:  #136: struct "rl_task_info" has no field "priority"
N:\ECE254\Repo\lab1\starter\Multiproj\HelloWorld\src\helloworld.c(60): error:  #167: argument of type "RL_TASK_INFO" is incompatible with parameter of type "RL_TASK_INFO *"
N:\ECE254\Repo\lab1\starter\Multiproj\HelloWorld\src\helloworld.c(64): error:  #136: struct "rl_task_info" has no field "priority"
N:\ECE254\Repo\lab1\starter\Multiproj\HelloWorld\src\helloworld.c(83): warning:  #1-D: last line of file ends without a newline
Target not created
  
Build Project 'HelloWorld' - Target 'HelloWorld RAM'
assembling startup_LPC17xx.s...
compiling system_LPC17xx.c...
compiling RTX_Conf_CM.c...
compiling uart_polling.c...
compiling Retarget.c...
compiling helloworld.c...
N:\ECE254\Repo\lab1\starter\Multiproj\HelloWorld\src\helloworld.c(34): error:  #167: argument of type "RL_TASK_INFO" is incompatible with parameter of type "RL_TASK_INFO *"
N:\ECE254\Repo\lab1\starter\Multiproj\HelloWorld\src\helloworld.c(38): error:  #136: struct "rl_task_info" has no field "priority"
N:\ECE254\Repo\lab1\starter\Multiproj\HelloWorld\src\helloworld.c(60): error:  #167: argument of type "RL_TASK_INFO" is incompatible with parameter of type "RL_TASK_INFO *"
N:\ECE254\Repo\lab1\starter\Multiproj\HelloWorld\src\helloworld.c(64): error:  #136: struct "rl_task_info" has no field "priority"
N:\ECE254\Repo\lab1\starter\Multiproj\HelloWorld\src\helloworld.c(83): warning:  #1-D: last line of file ends without a newline
Target not created
  
*** Note: 'Create Batch File' is active - using 'Rebuild'.
Rebuild Project 'RTX_Lib_CM' - Target 'CM3_LE'
compiling rt_Task.c...
compiling rt_System.c...
compiling rt_Event.c...
compiling rt_List.c...
compiling rt_Mailbox.c...
compiling rt_Semaphore.c...
compiling rt_Time.c...
compiling rt_Timer.c...
compiling rt_Mutex.c...
compiling rt_Robin.c...
compiling rt_MemBox.c...
compiling rt_Task_ext.c...
N:\ECE254\Repo\lab1\starter\Multiproj\RTX_CM3\SRC\CM\rt_Task_ext.c(66): warning:  #223-D: function "printf" declared implicitly
assembling SVC_Table.s...
compiling HAL_CM3.c...
creating Library...
User command #1: cmd.exe /C copy ArInp.Scr CM3_LE\BuildLib.scr
        1 file(s) copied.
".\CM3_LE\RTX_CM3.lib" - 0 Error(s), 1 Warning(s).
  
Build Project 'HelloWorld' - Target 'HelloWorld SIM'
assembling startup_LPC17xx.s...
compiling system_LPC17xx.c...
compiling RTX_Conf_CM.c...
compiling uart_polling.c...
compiling Retarget.c...
compiling helloworld.c...
N:\ECE254\Repo\lab1\starter\Multiproj\HelloWorld\src\helloworld.c(38): error:  #136: struct "rl_task_info" has no field "priority"
N:\ECE254\Repo\lab1\starter\Multiproj\HelloWorld\src\helloworld.c(64): error:  #136: struct "rl_task_info" has no field "priority"
N:\ECE254\Repo\lab1\starter\Multiproj\HelloWorld\src\helloworld.c(83): warning:  #1-D: last line of file ends without a newline
Target not created
  
Build Project 'HelloWorld' - Target 'HelloWorld RAM'
assembling startup_LPC17xx.s...
compiling system_LPC17xx.c...
compiling RTX_Conf_CM.c...
compiling uart_polling.c...
compiling Retarget.c...
compiling helloworld.c...
N:\ECE254\Repo\lab1\starter\Multiproj\HelloWorld\src\helloworld.c(38): error:  #136: struct "rl_task_info" has no field "priority"
N:\ECE254\Repo\lab1\starter\Multiproj\HelloWorld\src\helloworld.c(64): error:  #136: struct "rl_task_info" has no field "priority"
N:\ECE254\Repo\lab1\starter\Multiproj\HelloWorld\src\helloworld.c(83): warning:  #1-D: last line of file ends without a newline
Target not created
  
*** Note: 'Create Batch File' is active - using 'Rebuild'.
Rebuild Project 'RTX_Lib_CM' - Target 'CM3_LE'
compiling rt_Task.c...
compiling rt_System.c...
compiling rt_Event.c...
compiling rt_List.c...
compiling rt_Mailbox.c...
compiling rt_Semaphore.c...
compiling rt_Time.c...
compiling rt_Timer.c...
compiling rt_Mutex.c...
compiling rt_Robin.c...
compiling rt_MemBox.c...
compiling rt_Task_ext.c...
N:\ECE254\Repo\lab1\starter\Multiproj\RTX_CM3\SRC\CM\rt_Task_ext.c(66): warning:  #223-D: function "printf" declared implicitly
assembling SVC_Table.s...
compiling HAL_CM3.c...
creating Library...
User command #1: cmd.exe /C copy ArInp.Scr CM3_LE\BuildLib.scr
        1 file(s) copied.
".\CM3_LE\RTX_CM3.lib" - 0 Error(s), 1 Warning(s).
  
Build Project 'HelloWorld' - Target 'HelloWorld SIM'
assembling startup_LPC17xx.s...
compiling system_LPC17xx.c...
compiling RTX_Conf_CM.c...
compiling uart_polling.c...
compiling Retarget.c...
compiling helloworld.c...
N:\ECE254\Repo\lab1\starter\Multiproj\HelloWorld\src\helloworld.c(83): warning:  #1-D: last line of file ends without a newline
linking...
Program Size: Code=7496 RO-data=276 RW-data=72 ZI-data=9024  
".\build\FLASH\HelloWorld.axf" - 0 Error(s), 1 Warning(s).
  
Build Project 'HelloWorld' - Target 'HelloWorld RAM'
assembling startup_LPC17xx.s...
compiling system_LPC17xx.c...
compiling RTX_Conf_CM.c...
compiling uart_polling.c...
compiling Retarget.c...
compiling helloworld.c...
N:\ECE254\Repo\lab1\starter\Multiproj\HelloWorld\src\helloworld.c(83): warning:  #1-D: last line of file ends without a newline
linking...
Program Size: Code=7496 RO-data=276 RW-data=72 ZI-data=9024  
".\build\RAM\HelloWorld.axf" - 0 Error(s), 1 Warning(s).
  
*** Note: 'Create Batch File' is active - using 'Rebuild'.
Rebuild Project 'RTX_Lib_CM' - Target 'CM3_LE'
compiling rt_Task.c...
compiling rt_System.c...
compiling rt_Event.c...
compiling rt_List.c...
compiling rt_Mailbox.c...
compiling rt_Semaphore.c...
compiling rt_Time.c...
compiling rt_Timer.c...
compiling rt_Mutex.c...
compiling rt_Robin.c...
compiling rt_MemBox.c...
compiling rt_Task_ext.c...
N:\ECE254\Repo\lab1\starter\Multiproj\RTX_CM3\SRC\CM\rt_Task_ext.c(66): warning:  #223-D: function "printf" declared implicitly
assembling SVC_Table.s...
compiling HAL_CM3.c...
creating Library...
User command #1: cmd.exe /C copy ArInp.Scr CM3_LE\BuildLib.scr
        1 file(s) copied.
".\CM3_LE\RTX_CM3.lib" - 0 Error(s), 1 Warning(s).
  
Build Project 'HelloWorld' - Target 'HelloWorld SIM'
assembling startup_LPC17xx.s...
compiling system_LPC17xx.c...
compiling RTX_Conf_CM.c...
compiling uart_polling.c...
compiling Retarget.c...
compiling helloworld.c...
N:\ECE254\Repo\lab1\starter\Multiproj\HelloWorld\src\helloworld.c(83): warning:  #1-D: last line of file ends without a newline
linking...
Program Size: Code=7480 RO-data=276 RW-data=72 ZI-data=9024  
".\build\FLASH\HelloWorld.axf" - 0 Error(s), 1 Warning(s).
  
Build Project 'HelloWorld' - Target 'HelloWorld RAM'
assembling startup_LPC17xx.s...
compiling system_LPC17xx.c...
compiling RTX_Conf_CM.c...
compiling uart_polling.c...
compiling Retarget.c...
compiling helloworld.c...
N:\ECE254\Repo\lab1\starter\Multiproj\HelloWorld\src\helloworld.c(83): warning:  #1-D: last line of file ends without a newline
linking...
Program Size: Code=7480 RO-data=276 RW-data=72 ZI-data=9024  
".\build\RAM\HelloWorld.axf" - 0 Error(s), 1 Warning(s).
  
*** Note: 'Create Batch File' is active - using 'Rebuild'.
Rebuild Project 'RTX_Lib_CM' - Target 'CM3_LE'
compiling rt_Task.c...
compiling rt_System.c...
compiling rt_Event.c...
compiling rt_List.c...
compiling rt_Mailbox.c...
compiling rt_Semaphore.c...
compiling rt_Time.c...
compiling rt_Timer.c...
compiling rt_Mutex.c...
compiling rt_Robin.c...
compiling rt_MemBox.c...
compiling rt_Task_ext.c...
assembling SVC_Table.s...
compiling HAL_CM3.c...
creating Library...
User command #1: cmd.exe /C copy ArInp.Scr CM3_LE\BuildLib.scr
        1 file(s) copied.
".\CM3_LE\RTX_CM3.lib" - 0 Error(s), 0 Warning(s).
  
Build Project 'HelloWorld' - Target 'HelloWorld SIM'
assembling startup_LPC17xx.s...
compiling system_LPC17xx.c...
compiling RTX_Conf_CM.c...
compiling uart_polling.c...
compiling Retarget.c...
compiling helloworld.c...
N:\ECE254\Repo\lab1\starter\Multiproj\HelloWorld\src\helloworld.c(83): warning:  #1-D: last line of file ends without a newline
linking...
Program Size: Code=7460 RO-data=276 RW-data=72 ZI-data=9024  
".\build\FLASH\HelloWorld.axf" - 0 Error(s), 1 Warning(s).
  
Build Project 'HelloWorld' - Target 'HelloWorld RAM'
assembling startup_LPC17xx.s...
compiling system_LPC17xx.c...
compiling RTX_Conf_CM.c...
compiling uart_polling.c...
compiling Retarget.c...
compiling helloworld.c...
N:\ECE254\Repo\lab1\starter\Multiproj\HelloWorld\src\helloworld.c(83): warning:  #1-D: last line of file ends without a newline
linking...
Program Size: Code=7460 RO-data=276 RW-data=72 ZI-data=9024  
".\build\RAM\HelloWorld.axf" - 0 Error(s), 1 Warning(s).
  
*** Note: 'Create Batch File' is active - using 'Rebuild'.
Rebuild Project 'RTX_Lib_CM' - Target 'CM3_LE'
compiling rt_Task.c...
compiling rt_System.c...
compiling rt_Event.c...
compiling rt_List.c...
compiling rt_Mailbox.c...
compiling rt_Semaphore.c...
compiling rt_Time.c...
compiling rt_Timer.c...
compiling rt_Mutex.c...
compiling rt_Robin.c...
compiling rt_MemBox.c...
compiling rt_Task_ext.c...
assembling SVC_Table.s...
compiling HAL_CM3.c...
creating Library...
User command #1: cmd.exe /C copy ArInp.Scr CM3_LE\BuildLib.scr
        1 file(s) copied.
".\CM3_LE\RTX_CM3.lib" - 0 Error(s), 0 Warning(s).
  
Build Project 'HelloWorld' - Target 'HelloWorld SIM'
assembling startup_LPC17xx.s...
compiling system_LPC17xx.c...
compiling RTX_Conf_CM.c...
compiling uart_polling.c...
compiling Retarget.c...
compiling helloworld.c...
N:\ECE254\Repo\lab1\starter\Multiproj\HelloWorld\src\helloworld.c(75): warning:  #177-D: variable "test1" was declared but never referenced
N:\ECE254\Repo\lab1\starter\Multiproj\HelloWorld\src\helloworld.c(76): warning:  #177-D: variable "test2" was declared but never referenced
N:\ECE254\Repo\lab1\starter\Multiproj\HelloWorld\src\helloworld.c(77): warning:  #177-D: variable "test3" was declared but never referenced
N:\ECE254\Repo\lab1\starter\Multiproj\HelloWorld\src\helloworld.c(78): warning:  #177-D: variable "test4" was declared but never referenced
N:\ECE254\Repo\lab1\starter\Multiproj\HelloWorld\src\helloworld.c(104): warning:  #1-D: last line of file ends without a newline
linking...
Program Size: Code=7560 RO-data=276 RW-data=76 ZI-data=9028  
".\build\FLASH\HelloWorld.axf" - 0 Error(s), 5 Warning(s).
  
Build Project 'HelloWorld' - Target 'HelloWorld RAM'
assembling startup_LPC17xx.s...
compiling system_LPC17xx.c...
compiling RTX_Conf_CM.c...
compiling uart_polling.c...
compiling Retarget.c...
compiling helloworld.c...
N:\ECE254\Repo\lab1\starter\Multiproj\HelloWorld\src\helloworld.c(75): warning:  #177-D: variable "test1" was declared but never referenced
N:\ECE254\Repo\lab1\starter\Multiproj\HelloWorld\src\helloworld.c(76): warning:  #177-D: variable "test2" was declared but never referenced
N:\ECE254\Repo\lab1\starter\Multiproj\HelloWorld\src\helloworld.c(77): warning:  #177-D: variable "test3" was declared but never referenced
N:\ECE254\Repo\lab1\starter\Multiproj\HelloWorld\src\helloworld.c(78): warning:  #177-D: variable "test4" was declared but never referenced
N:\ECE254\Repo\lab1\starter\Multiproj\HelloWorld\src\helloworld.c(104): warning:  #1-D: last line of file ends without a newline
linking...
Program Size: Code=7560 RO-data=276 RW-data=76 ZI-data=9028  
".\build\RAM\HelloWorld.axf" - 0 Error(s), 5 Warning(s).
  
*** Note: 'Create Batch File' is active - using 'Rebuild'.
Rebuild Project 'RTX_Lib_CM' - Target 'CM3_LE'
compiling rt_Task.c...
compiling rt_System.c...
compiling rt_Event.c...
compiling rt_List.c...
compiling rt_Mailbox.c...
compiling rt_Semaphore.c...
compiling rt_Time.c...
compiling rt_Timer.c...
compiling rt_Mutex.c...
compiling rt_Robin.c...
compiling rt_MemBox.c...
compiling rt_Task_ext.c...
assembling SVC_Table.s...
compiling HAL_CM3.c...
creating Library...
User command #1: cmd.exe /C copy ArInp.Scr CM3_LE\BuildLib.scr
        1 file(s) copied.
".\CM3_LE\RTX_CM3.lib" - 0 Error(s), 0 Warning(s).
  
Build Project 'HelloWorld' - Target 'HelloWorld SIM'
assembling startup_LPC17xx.s...
compiling system_LPC17xx.c...
compiling RTX_Conf_CM.c...
compiling uart_polling.c...
compiling Retarget.c...
compiling helloworld.c...
N:\ECE254\Repo\lab1\starter\Multiproj\HelloWorld\src\helloworld.c(110): warning:  #1-D: last line of file ends without a newline
linking...
Program Size: Code=7580 RO-data=276 RW-data=76 ZI-data=9028  
".\build\FLASH\HelloWorld.axf" - 0 Error(s), 1 Warning(s).
  
Build Project 'HelloWorld' - Target 'HelloWorld RAM'
assembling startup_LPC17xx.s...
compiling system_LPC17xx.c...
compiling RTX_Conf_CM.c...
compiling uart_polling.c...
compiling Retarget.c...
compiling helloworld.c...
N:\ECE254\Repo\lab1\starter\Multiproj\HelloWorld\src\helloworld.c(110): warning:  #1-D: last line of file ends without a newline
linking...
Program Size: Code=7580 RO-data=276 RW-data=76 ZI-data=9028  
".\build\RAM\HelloWorld.axf" - 0 Error(s), 1 Warning(s).
  
*** Note: 'Create Batch File' is active - using 'Rebuild'.
Rebuild Project 'RTX_Lib_CM' - Target 'CM3_LE'
compiling rt_Task.c...
compiling rt_System.c...
compiling rt_Event.c...
compiling rt_List.c...
compiling rt_Mailbox.c...
compiling rt_Semaphore.c...
compiling rt_Time.c...
compiling rt_Timer.c...
compiling rt_Mutex.c...
compiling rt_Robin.c...
compiling rt_MemBox.c...
compiling rt_Task_ext.c...
assembling SVC_Table.s...
compiling HAL_CM3.c...
creating Library...
User command #1: cmd.exe /C copy ArInp.Scr CM3_LE\BuildLib.scr
        1 file(s) copied.
".\CM3_LE\RTX_CM3.lib" - 0 Error(s), 0 Warning(s).
  
Build Project 'HelloWorld' - Target 'HelloWorld SIM'
assembling startup_LPC17xx.s...
compiling system_LPC17xx.c...
compiling RTX_Conf_CM.c...
compiling uart_polling.c...
compiling Retarget.c...
compiling helloworld.c...
N:\ECE254\Repo\lab1\starter\Multiproj\HelloWorld\src\helloworld.c(110): warning:  #1-D: last line of file ends without a newline
linking...
Program Size: Code=7580 RO-data=276 RW-data=76 ZI-data=9028  
".\build\FLASH\HelloWorld.axf" - 0 Error(s), 1 Warning(s).
  
Build Project 'HelloWorld' - Target 'HelloWorld RAM'
assembling startup_LPC17xx.s...
compiling system_LPC17xx.c...
compiling RTX_Conf_CM.c...
compiling uart_polling.c...
compiling Retarget.c...
compiling helloworld.c...
N:\ECE254\Repo\lab1\starter\Multiproj\HelloWorld\src\helloworld.c(110): warning:  #1-D: last line of file ends without a newline
linking...
Program Size: Code=7580 RO-data=276 RW-data=76 ZI-data=9028  
".\build\RAM\HelloWorld.axf" - 0 Error(s), 1 Warning(s).
  
*** Note: 'Create Batch File' is active - using 'Rebuild'.
Rebuild Project 'RTX_Lib_CM' - Target 'CM3_LE'
compiling rt_Task.c...
compiling rt_System.c...
compiling rt_Event.c...
compiling rt_List.c...
compiling rt_Mailbox.c...
compiling rt_Semaphore.c...
compiling rt_Time.c...
compiling rt_Timer.c...
compiling rt_Mutex.c...
compiling rt_Robin.c...
compiling rt_MemBox.c...
compiling rt_Task_ext.c...
assembling SVC_Table.s...
compiling HAL_CM3.c...
creating Library...
User command #1: cmd.exe /C copy ArInp.Scr CM3_LE\BuildLib.scr
        1 file(s) copied.
".\CM3_LE\RTX_CM3.lib" - 0 Error(s), 0 Warning(s).
  
Build Project 'HelloWorld' - Target 'HelloWorld SIM'
assembling startup_LPC17xx.s...
compiling system_LPC17xx.c...
compiling RTX_Conf_CM.c...
compiling uart_polling.c...
compiling Retarget.c...
compiling helloworld.c...
N:\ECE254\Repo\lab1\starter\Multiproj\HelloWorld\src\helloworld.c(110): warning:  #1-D: last line of file ends without a newline
linking...
Program Size: Code=7580 RO-data=276 RW-data=76 ZI-data=9028  
".\build\FLASH\HelloWorld.axf" - 0 Error(s), 1 Warning(s).
  
Build Project 'HelloWorld' - Target 'HelloWorld RAM'
assembling startup_LPC17xx.s...
compiling system_LPC17xx.c...
compiling RTX_Conf_CM.c...
compiling uart_polling.c...
compiling Retarget.c...
compiling helloworld.c...
N:\ECE254\Repo\lab1\starter\Multiproj\HelloWorld\src\helloworld.c(110): warning:  #1-D: last line of file ends without a newline
linking...
Program Size: Code=7580 RO-data=276 RW-data=76 ZI-data=9028  
".\build\RAM\HelloWorld.axf" - 0 Error(s), 1 Warning(s).
  
*** Note: 'Create Batch File' is active - using 'Rebuild'.
Rebuild Project 'RTX_Lib_CM' - Target 'CM3_LE'
compiling rt_Task.c...
compiling rt_System.c...
compiling rt_Event.c...
compiling rt_List.c...
compiling rt_Mailbox.c...
compiling rt_Semaphore.c...
compiling rt_Time.c...
compiling rt_Timer.c...
compiling rt_Mutex.c...
compiling rt_Robin.c...
compiling rt_MemBox.c...
compiling rt_Task_ext.c...
assembling SVC_Table.s...
compiling HAL_CM3.c...
creating Library...
User command #1: cmd.exe /C copy ArInp.Scr CM3_LE\BuildLib.scr
        1 file(s) copied.
".\CM3_LE\RTX_CM3.lib" - 0 Error(s), 0 Warning(s).
  
Build Project 'HelloWorld' - Target 'HelloWorld SIM'
assembling startup_LPC17xx.s...
compiling system_LPC17xx.c...
compiling RTX_Conf_CM.c...
compiling uart_polling.c...
compiling Retarget.c...
compiling helloworld.c...
N:\ECE254\Repo\lab1\starter\Multiproj\HelloWorld\src\helloworld.c(110): warning:  #1-D: last line of file ends without a newline
linking...
Program Size: Code=7580 RO-data=276 RW-data=76 ZI-data=9028  
".\build\FLASH\HelloWorld.axf" - 0 Error(s), 1 Warning(s).
  
Build Project 'HelloWorld' - Target 'HelloWorld RAM'
assembling startup_LPC17xx.s...
compiling system_LPC17xx.c...
compiling RTX_Conf_CM.c...
compiling uart_polling.c...
compiling Retarget.c...
compiling helloworld.c...
N:\ECE254\Repo\lab1\starter\Multiproj\HelloWorld\src\helloworld.c(110): warning:  #1-D: last line of file ends without a newline
linking...
Program Size: Code=7580 RO-data=276 RW-data=76 ZI-data=9028  
".\build\RAM\HelloWorld.axf" - 0 Error(s), 1 Warning(s).
  
*** Note: 'Create Batch File' is active - using 'Rebuild'.
Rebuild Project 'RTX_Lib_CM' - Target 'CM3_LE'
compiling rt_Task.c...
compiling rt_System.c...
compiling rt_Event.c...
compiling rt_List.c...
compiling rt_Mailbox.c...
compiling rt_Semaphore.c...
compiling rt_Time.c...
compiling rt_Timer.c...
compiling rt_Mutex.c...
compiling rt_Robin.c...
compiling rt_MemBox.c...
compiling rt_Task_ext.c...
assembling SVC_Table.s...
compiling HAL_CM3.c...
creating Library...
User command #1: cmd.exe /C copy ArInp.Scr CM3_LE\BuildLib.scr
        1 file(s) copied.
".\CM3_LE\RTX_CM3.lib" - 0 Error(s), 0 Warning(s).
  
Build Project 'HelloWorld' - Target 'HelloWorld SIM'
assembling startup_LPC17xx.s...
compiling system_LPC17xx.c...
compiling RTX_Conf_CM.c...
compiling uart_polling.c...
compiling Retarget.c...
compiling helloworld.c...
N:\ECE254\Repo\lab1\starter\Multiproj\HelloWorld\src\helloworld.c(110): warning:  #1-D: last line of file ends without a newline
linking...
Program Size: Code=7580 RO-data=276 RW-data=76 ZI-data=9028  
".\build\FLASH\HelloWorld.axf" - 0 Error(s), 1 Warning(s).
  
Build Project 'HelloWorld' - Target 'HelloWorld RAM'
assembling startup_LPC17xx.s...
compiling system_LPC17xx.c...
compiling RTX_Conf_CM.c...
compiling uart_polling.c...
compiling Retarget.c...
compiling helloworld.c...
N:\ECE254\Repo\lab1\starter\Multiproj\HelloWorld\src\helloworld.c(110): warning:  #1-D: last line of file ends without a newline
linking...
Program Size: Code=7580 RO-data=276 RW-data=76 ZI-data=9028  
".\build\RAM\HelloWorld.axf" - 0 Error(s), 1 Warning(s).
  
*** Note: 'Create Batch File' is active - using 'Rebuild'.
Rebuild Project 'RTX_Lib_CM' - Target 'CM3_LE'
compiling rt_Task.c...
compiling rt_System.c...
compiling rt_Event.c...
compiling rt_List.c...
compiling rt_Mailbox.c...
compiling rt_Semaphore.c...
compiling rt_Time.c...
compiling rt_Timer.c...
compiling rt_Mutex.c...
compiling rt_Robin.c...
compiling rt_MemBox.c...
compiling rt_Task_ext.c...
assembling SVC_Table.s...
compiling HAL_CM3.c...
creating Library...
User command #1: cmd.exe /C copy ArInp.Scr CM3_LE\BuildLib.scr
        1 file(s) copied.
".\CM3_LE\RTX_CM3.lib" - 0 Error(s), 0 Warning(s).
  
Build Project 'HelloWorld' - Target 'HelloWorld SIM'
assembling startup_LPC17xx.s...
compiling system_LPC17xx.c...
compiling RTX_Conf_CM.c...
compiling uart_polling.c...
compiling Retarget.c...
compiling helloworld.c...
N:\ECE254\Repo\lab1\starter\Multiproj\HelloWorld\src\helloworld.c(110): warning:  #1-D: last line of file ends without a newline
linking...
Program Size: Code=7588 RO-data=276 RW-data=76 ZI-data=9028  
".\build\FLASH\HelloWorld.axf" - 0 Error(s), 1 Warning(s).
  
Build Project 'HelloWorld' - Target 'HelloWorld RAM'
assembling startup_LPC17xx.s...
compiling system_LPC17xx.c...
compiling RTX_Conf_CM.c...
compiling uart_polling.c...
compiling Retarget.c...
compiling helloworld.c...
N:\ECE254\Repo\lab1\starter\Multiproj\HelloWorld\src\helloworld.c(110): warning:  #1-D: last line of file ends without a newline
linking...
Program Size: Code=7588 RO-data=276 RW-data=76 ZI-data=9028  
".\build\RAM\HelloWorld.axf" - 0 Error(s), 1 Warning(s).
  
*** Note: 'Create Batch File' is active - using 'Rebuild'.
Rebuild Project 'RTX_Lib_CM' - Target 'CM3_LE'
compiling rt_Task.c...
compiling rt_System.c...
compiling rt_Event.c...
compiling rt_List.c...
compiling rt_Mailbox.c...
compiling rt_Semaphore.c...
compiling rt_Time.c...
compiling rt_Timer.c...
compiling rt_Mutex.c...
compiling rt_Robin.c...
compiling rt_MemBox.c...
compiling rt_Task_ext.c...
assembling SVC_Table.s...
compiling HAL_CM3.c...
creating Library...
User command #1: cmd.exe /C copy ArInp.Scr CM3_LE\BuildLib.scr
        1 file(s) copied.
".\CM3_LE\RTX_CM3.lib" - 0 Error(s), 0 Warning(s).
  
Build Project 'HelloWorld' - Target 'HelloWorld SIM'
assembling startup_LPC17xx.s...
compiling system_LPC17xx.c...
compiling RTX_Conf_CM.c...
compiling uart_polling.c...
compiling Retarget.c...
compiling helloworld.c...
N:\ECE254\Repo\lab1\starter\Multiproj\HelloWorld\src\helloworld.c(110): warning:  #1-D: last line of file ends without a newline
linking...
Program Size: Code=7580 RO-data=276 RW-data=76 ZI-data=9028  
".\build\FLASH\HelloWorld.axf" - 0 Error(s), 1 Warning(s).
  
Build Project 'HelloWorld' - Target 'HelloWorld RAM'
assembling startup_LPC17xx.s...
compiling system_LPC17xx.c...
compiling RTX_Conf_CM.c...
compiling uart_polling.c...
compiling Retarget.c...
compiling helloworld.c...
N:\ECE254\Repo\lab1\starter\Multiproj\HelloWorld\src\helloworld.c(110): warning:  #1-D: last line of file ends without a newline
linking...
Program Size: Code=7580 RO-data=276 RW-data=76 ZI-data=9028  
".\build\RAM\HelloWorld.axf" - 0 Error(s), 1 Warning(s).
  
*** Note: 'Create Batch File' is active - using 'Rebuild'.
Rebuild Project 'RTX_Lib_CM' - Target 'CM3_LE'
compiling rt_Task.c...
compiling rt_System.c...
compiling rt_Event.c...
compiling rt_List.c...
compiling rt_Mailbox.c...
compiling rt_Semaphore.c...
compiling rt_Time.c...
compiling rt_Timer.c...
compiling rt_Mutex.c...
compiling rt_Robin.c...
compiling rt_MemBox.c...
compiling rt_Task_ext.c...
assembling SVC_Table.s...
compiling HAL_CM3.c...
creating Library...
User command #1: cmd.exe /C copy ArInp.Scr CM3_LE\BuildLib.scr
        1 file(s) copied.
".\CM3_LE\RTX_CM3.lib" - 0 Error(s), 0 Warning(s).
  
Build Project 'HelloWorld' - Target 'HelloWorld SIM'
assembling startup_LPC17xx.s...
compiling system_LPC17xx.c...
compiling RTX_Conf_CM.c...
compiling uart_polling.c...
compiling Retarget.c...
compiling helloworld.c...
N:\ECE254\Repo\lab1\starter\Multiproj\HelloWorld\src\helloworld.c(110): warning:  #1-D: last line of file ends without a newline
linking...
Program Size: Code=7580 RO-data=276 RW-data=76 ZI-data=9028  
".\build\FLASH\HelloWorld.axf" - 0 Error(s), 1 Warning(s).
  
Build Project 'HelloWorld' - Target 'HelloWorld RAM'
assembling startup_LPC17xx.s...
compiling system_LPC17xx.c...
compiling RTX_Conf_CM.c...
compiling uart_polling.c...
compiling Retarget.c...
compiling helloworld.c...
N:\ECE254\Repo\lab1\starter\Multiproj\HelloWorld\src\helloworld.c(110): warning:  #1-D: last line of file ends without a newline
linking...
Program Size: Code=7580 RO-data=276 RW-data=76 ZI-data=9028  
".\build\RAM\HelloWorld.axf" - 0 Error(s), 1 Warning(s).
  
*** Note: 'Create Batch File' is active - using 'Rebuild'.
Rebuild Project 'RTX_Lib_CM' - Target 'CM3_LE'
compiling rt_Task.c...
compiling rt_System.c...
compiling rt_Event.c...
compiling rt_List.c...
compiling rt_Mailbox.c...
compiling rt_Semaphore.c...
compiling rt_Time.c...
compiling rt_Timer.c...
compiling rt_Mutex.c...
compiling rt_Robin.c...
compiling rt_MemBox.c...
compiling rt_Task_ext.c...
assembling SVC_Table.s...
compiling HAL_CM3.c...
creating Library...
User command #1: cmd.exe /C copy ArInp.Scr CM3_LE\BuildLib.scr
        1 file(s) copied.
".\CM3_LE\RTX_CM3.lib" - 0 Error(s), 0 Warning(s).
  
Build Project 'HelloWorld' - Target 'HelloWorld SIM'
assembling startup_LPC17xx.s...
compiling system_LPC17xx.c...
compiling RTX_Conf_CM.c...
compiling uart_polling.c...
compiling Retarget.c...
compiling helloworld.c...
N:\ECE254\Repo\lab1\starter\Multiproj\HelloWorld\src\helloworld.c(110): warning:  #1-D: last line of file ends without a newline
linking...
Program Size: Code=7580 RO-data=276 RW-data=76 ZI-data=9028  
".\build\FLASH\HelloWorld.axf" - 0 Error(s), 1 Warning(s).
  
Build Project 'HelloWorld' - Target 'HelloWorld RAM'
assembling startup_LPC17xx.s...
compiling system_LPC17xx.c...
compiling RTX_Conf_CM.c...
compiling uart_polling.c...
compiling Retarget.c...
compiling helloworld.c...
N:\ECE254\Repo\lab1\starter\Multiproj\HelloWorld\src\helloworld.c(110): warning:  #1-D: last line of file ends without a newline
linking...
Program Size: Code=7580 RO-data=276 RW-data=76 ZI-data=9028  
".\build\RAM\HelloWorld.axf" - 0 Error(s), 1 Warning(s).
  
*** Note: 'Create Batch File' is active - using 'Rebuild'.
Rebuild Project 'RTX_Lib_CM' - Target 'CM3_LE'
compiling rt_Task.c...
compiling rt_System.c...
compiling rt_Event.c...
compiling rt_List.c...
compiling rt_Mailbox.c...
compiling rt_Semaphore.c...
compiling rt_Time.c...
compiling rt_Timer.c...
compiling rt_Mutex.c...
compiling rt_Robin.c...
compiling rt_MemBox.c...
compiling rt_Task_ext.c...
assembling SVC_Table.s...
compiling HAL_CM3.c...
creating Library...
User command #1: cmd.exe /C copy ArInp.Scr CM3_LE\BuildLib.scr
        1 file(s) copied.
".\CM3_LE\RTX_CM3.lib" - 0 Error(s), 0 Warning(s).
  
Build Project 'HelloWorld' - Target 'HelloWorld SIM'
assembling startup_LPC17xx.s...
compiling system_LPC17xx.c...
compiling RTX_Conf_CM.c...
compiling uart_polling.c...
compiling Retarget.c...
compiling helloworld.c...
N:\ECE254\Repo\lab1\starter\Multiproj\HelloWorld\src\helloworld.c(111): warning:  #1-D: last line of file ends without a newline
linking...
Program Size: Code=7580 RO-data=276 RW-data=76 ZI-data=9028  
".\build\FLASH\HelloWorld.axf" - 0 Error(s), 1 Warning(s).
  
Build Project 'HelloWorld' - Target 'HelloWorld RAM'
assembling startup_LPC17xx.s...
compiling system_LPC17xx.c...
compiling RTX_Conf_CM.c...
compiling uart_polling.c...
compiling Retarget.c...
compiling helloworld.c...
N:\ECE254\Repo\lab1\starter\Multiproj\HelloWorld\src\helloworld.c(111): warning:  #1-D: last line of file ends without a newline
linking...
Program Size: Code=7580 RO-data=276 RW-data=76 ZI-data=9028  
".\build\RAM\HelloWorld.axf" - 0 Error(s), 1 Warning(s).
  
*** Note: 'Create Batch File' is active - using 'Rebuild'.
Rebuild Project 'RTX_Lib_CM' - Target 'CM3_LE'
compiling rt_Task.c...
compiling rt_System.c...
compiling rt_Event.c...
compiling rt_List.c...
compiling rt_Mailbox.c...
compiling rt_Semaphore.c...
compiling rt_Time.c...
compiling rt_Timer.c...
compiling rt_Mutex.c...
compiling rt_Robin.c...
compiling rt_MemBox.c...
compiling rt_Task_ext.c...
assembling SVC_Table.s...
compiling HAL_CM3.c...
creating Library...
User command #1: cmd.exe /C copy ArInp.Scr CM3_LE\BuildLib.scr
        1 file(s) copied.
".\CM3_LE\RTX_CM3.lib" - 0 Error(s), 0 Warning(s).
  
Build Project 'HelloWorld' - Target 'HelloWorld SIM'
assembling startup_LPC17xx.s...
compiling system_LPC17xx.c...
compiling RTX_Conf_CM.c...
compiling uart_polling.c...
compiling Retarget.c...
compiling helloworld.c...
N:\ECE254\Repo\lab1\starter\Multiproj\HelloWorld\src\helloworld.c(111): warning:  #1-D: last line of file ends without a newline
linking...
Program Size: Code=7576 RO-data=276 RW-data=76 ZI-data=9028  
".\build\FLASH\HelloWorld.axf" - 0 Error(s), 1 Warning(s).
  
Build Project 'HelloWorld' - Target 'HelloWorld RAM'
assembling startup_LPC17xx.s...
compiling system_LPC17xx.c...
compiling RTX_Conf_CM.c...
compiling uart_polling.c...
compiling Retarget.c...
compiling helloworld.c...
N:\ECE254\Repo\lab1\starter\Multiproj\HelloWorld\src\helloworld.c(111): warning:  #1-D: last line of file ends without a newline
linking...
Program Size: Code=7576 RO-data=276 RW-data=76 ZI-data=9028  
".\build\RAM\HelloWorld.axf" - 0 Error(s), 1 Warning(s).
  
*** Note: 'Create Batch File' is active - using 'Rebuild'.
Rebuild Project 'RTX_Lib_CM' - Target 'CM3_LE'
compiling rt_Task.c...
compiling rt_System.c...
compiling rt_Event.c...
compiling rt_List.c...
compiling rt_Mailbox.c...
compiling rt_Semaphore.c...
compiling rt_Time.c...
compiling rt_Timer.c...
compiling rt_Mutex.c...
compiling rt_Robin.c...
compiling rt_MemBox.c...
compiling rt_Task_ext.c...
assembling SVC_Table.s...
compiling HAL_CM3.c...
creating Library...
User command #1: cmd.exe /C copy ArInp.Scr CM3_LE\BuildLib.scr
        1 file(s) copied.
".\CM3_LE\RTX_CM3.lib" - 0 Error(s), 0 Warning(s).
  
Build Project 'HelloWorld' - Target 'HelloWorld SIM'
assembling startup_LPC17xx.s...
compiling system_LPC17xx.c...
compiling RTX_Conf_CM.c...
compiling uart_polling.c...
compiling Retarget.c...
compiling helloworld.c...
N:\ECE254\Repo\lab1\starter\Multiproj\HelloWorld\src\helloworld.c(111): warning:  #1-D: last line of file ends without a newline
linking...
Program Size: Code=7580 RO-data=276 RW-data=76 ZI-data=9028  
".\build\FLASH\HelloWorld.axf" - 0 Error(s), 1 Warning(s).
  
Build Project 'HelloWorld' - Target 'HelloWorld RAM'
assembling startup_LPC17xx.s...
compiling system_LPC17xx.c...
compiling RTX_Conf_CM.c...
compiling uart_polling.c...
compiling Retarget.c...
compiling helloworld.c...
N:\ECE254\Repo\lab1\starter\Multiproj\HelloWorld\src\helloworld.c(111): warning:  #1-D: last line of file ends without a newline
linking...
Program Size: Code=7580 RO-data=276 RW-data=76 ZI-data=9028  
".\build\RAM\HelloWorld.axf" - 0 Error(s), 1 Warning(s).
  
*** Note: 'Create Batch File' is active - using 'Rebuild'.
Rebuild Project 'RTX_Lib_CM' - Target 'CM3_LE'
compiling rt_Task.c...
compiling rt_System.c...
compiling rt_Event.c...
compiling rt_List.c...
compiling rt_Mailbox.c...
compiling rt_Semaphore.c...
compiling rt_Time.c...
compiling rt_Timer.c...
compiling rt_Mutex.c...
compiling rt_Robin.c...
compiling rt_MemBox.c...
compiling rt_Task_ext.c...
assembling SVC_Table.s...
compiling HAL_CM3.c...
creating Library...
User command #1: cmd.exe /C copy ArInp.Scr CM3_LE\BuildLib.scr
        1 file(s) copied.
".\CM3_LE\RTX_CM3.lib" - 0 Error(s), 0 Warning(s).
  
Build Project 'HelloWorld' - Target 'HelloWorld SIM'
assembling startup_LPC17xx.s...
compiling system_LPC17xx.c...
compiling RTX_Conf_CM.c...
compiling uart_polling.c...
compiling Retarget.c...
compiling helloworld.c...
N:\ECE254\Repo\lab1\starter\Multiproj\HelloWorld\src\helloworld.c(111): warning:  #1-D: last line of file ends without a newline
linking...
Program Size: Code=7580 RO-data=276 RW-data=76 ZI-data=9028  
".\build\FLASH\HelloWorld.axf" - 0 Error(s), 1 Warning(s).
  
Build Project 'HelloWorld' - Target 'HelloWorld RAM'
assembling startup_LPC17xx.s...
compiling system_LPC17xx.c...
compiling RTX_Conf_CM.c...
compiling uart_polling.c...
compiling Retarget.c...
compiling helloworld.c...
N:\ECE254\Repo\lab1\starter\Multiproj\HelloWorld\src\helloworld.c(111): warning:  #1-D: last line of file ends without a newline
linking...
Program Size: Code=7580 RO-data=276 RW-data=76 ZI-data=9028  
".\build\RAM\HelloWorld.axf" - 0 Error(s), 1 Warning(s).
  
*** Note: 'Create Batch File' is active - using 'Rebuild'.
Rebuild Project 'RTX_Lib_CM' - Target 'CM3_LE'
compiling rt_Task.c...
compiling rt_System.c...
compiling rt_Event.c...
compiling rt_List.c...
compiling rt_Mailbox.c...
compiling rt_Semaphore.c...
compiling rt_Time.c...
compiling rt_Timer.c...
compiling rt_Mutex.c...
compiling rt_Robin.c...
compiling rt_MemBox.c...
compiling rt_Task_ext.c...
assembling SVC_Table.s...
compiling HAL_CM3.c...
creating Library...
User command #1: cmd.exe /C copy ArInp.Scr CM3_LE\BuildLib.scr
        1 file(s) copied.
".\CM3_LE\RTX_CM3.lib" - 0 Error(s), 0 Warning(s).
  
Build Project 'HelloWorld' - Target 'HelloWorld SIM'
assembling startup_LPC17xx.s...
compiling system_LPC17xx.c...
compiling RTX_Conf_CM.c...
compiling uart_polling.c...
compiling Retarget.c...
compiling helloworld.c...
N:\ECE254\Repo\lab1\starter\Multiproj\HelloWorld\src\helloworld.c(111): warning:  #1-D: last line of file ends without a newline
linking...
Program Size: Code=7580 RO-data=276 RW-data=76 ZI-data=9028  
".\build\FLASH\HelloWorld.axf" - 0 Error(s), 1 Warning(s).
  
Build Project 'HelloWorld' - Target 'HelloWorld RAM'
assembling startup_LPC17xx.s...
compiling system_LPC17xx.c...
compiling RTX_Conf_CM.c...
compiling uart_polling.c...
compiling Retarget.c...
compiling helloworld.c...
N:\ECE254\Repo\lab1\starter\Multiproj\HelloWorld\src\helloworld.c(111): warning:  #1-D: last line of file ends without a newline
linking...
Program Size: Code=7580 RO-data=276 RW-data=76 ZI-data=9028  
".\build\RAM\HelloWorld.axf" - 0 Error(s), 1 Warning(s).
  
*** Note: 'Create Batch File' is active - using 'Rebuild'.
Rebuild Project 'RTX_Lib_CM' - Target 'CM3_LE'
compiling rt_Task.c...
compiling rt_System.c...
compiling rt_Event.c...
compiling rt_List.c...
compiling rt_Mailbox.c...
compiling rt_Semaphore.c...
compiling rt_Time.c...
compiling rt_Timer.c...
compiling rt_Mutex.c...
compiling rt_Robin.c...
compiling rt_MemBox.c...
compiling rt_Task_ext.c...
assembling SVC_Table.s...
compiling HAL_CM3.c...
creating Library...
User command #1: cmd.exe /C copy ArInp.Scr CM3_LE\BuildLib.scr
        1 file(s) copied.
".\CM3_LE\RTX_CM3.lib" - 0 Error(s), 0 Warning(s).
  
Build Project 'HelloWorld' - Target 'HelloWorld SIM'
assembling startup_LPC17xx.s...
compiling system_LPC17xx.c...
compiling RTX_Conf_CM.c...
compiling uart_polling.c...
compiling Retarget.c...
compiling helloworld.c...
N:\ECE254\Repo\lab1\starter\Multiproj\HelloWorld\src\helloworld.c(111): warning:  #1-D: last line of file ends without a newline
linking...
Program Size: Code=7580 RO-data=276 RW-data=76 ZI-data=9028  
".\build\FLASH\HelloWorld.axf" - 0 Error(s), 1 Warning(s).
  
Build Project 'HelloWorld' - Target 'HelloWorld RAM'
assembling startup_LPC17xx.s...
compiling system_LPC17xx.c...
compiling RTX_Conf_CM.c...
compiling uart_polling.c...
compiling Retarget.c...
compiling helloworld.c...
N:\ECE254\Repo\lab1\starter\Multiproj\HelloWorld\src\helloworld.c(111): warning:  #1-D: last line of file ends without a newline
linking...
Program Size: Code=7580 RO-data=276 RW-data=76 ZI-data=9028  
".\build\RAM\HelloWorld.axf" - 0 Error(s), 1 Warning(s).
  
*** Note: 'Create Batch File' is active - using 'Rebuild'.
Rebuild Project 'RTX_Lib_CM' - Target 'CM3_LE'
compiling rt_Task.c...
compiling rt_System.c...
compiling rt_Event.c...
compiling rt_List.c...
compiling rt_Mailbox.c...
compiling rt_Semaphore.c...
compiling rt_Time.c...
compiling rt_Timer.c...
compiling rt_Mutex.c...
compiling rt_Robin.c...
compiling rt_MemBox.c...
compiling rt_Task_ext.c...
assembling SVC_Table.s...
compiling HAL_CM3.c...
creating Library...
User command #1: cmd.exe /C copy ArInp.Scr CM3_LE\BuildLib.scr
        1 file(s) copied.
".\CM3_LE\RTX_CM3.lib" - 0 Error(s), 0 Warning(s).
  
Build Project 'HelloWorld' - Target 'HelloWorld SIM'
assembling startup_LPC17xx.s...
compiling system_LPC17xx.c...
compiling RTX_Conf_CM.c...
compiling uart_polling.c...
compiling Retarget.c...
compiling helloworld.c...
N:\ECE254\Repo\lab1\starter\Multiproj\HelloWorld\src\helloworld.c(111): warning:  #1-D: last line of file ends without a newline
linking...
Program Size: Code=7576 RO-data=276 RW-data=76 ZI-data=9028  
".\build\FLASH\HelloWorld.axf" - 0 Error(s), 1 Warning(s).
  
Build Project 'HelloWorld' - Target 'HelloWorld RAM'
assembling startup_LPC17xx.s...
compiling system_LPC17xx.c...
compiling RTX_Conf_CM.c...
compiling uart_polling.c...
compiling Retarget.c...
compiling helloworld.c...
N:\ECE254\Repo\lab1\starter\Multiproj\HelloWorld\src\helloworld.c(111): warning:  #1-D: last line of file ends without a newline
linking...
Program Size: Code=7576 RO-data=276 RW-data=76 ZI-data=9028  
".\build\RAM\HelloWorld.axf" - 0 Error(s), 1 Warning(s).
  
*** Note: 'Create Batch File' is active - using 'Rebuild'.
Rebuild Project 'RTX_Lib_CM' - Target 'CM3_LE'
compiling rt_Task.c...
compiling rt_System.c...
compiling rt_Event.c...
compiling rt_List.c...
compiling rt_Mailbox.c...
compiling rt_Semaphore.c...
compiling rt_Time.c...
compiling rt_Timer.c...
compiling rt_Mutex.c...
compiling rt_Robin.c...
compiling rt_MemBox.c...
compiling rt_Task_ext.c...
N:\ECE254\Repo\lab1\starter\Multiproj\RTX_CM3\SRC\CM\rt_Task_ext.c(63): warning:  #1-D: last line of file ends without a newline
assembling SVC_Table.s...
compiling HAL_CM3.c...
creating Library...
User command #1: cmd.exe /C copy ArInp.Scr CM3_LE\BuildLib.scr
        1 file(s) copied.
".\CM3_LE\RTX_CM3.lib" - 0 Error(s), 1 Warning(s).
  
Build Project 'HelloWorld' - Target 'HelloWorld SIM'
assembling startup_LPC17xx.s...
compiling system_LPC17xx.c...
compiling RTX_Conf_CM.c...
compiling uart_polling.c...
compiling Retarget.c...
compiling helloworld.c...
N:\ECE254\Repo\lab1\starter\Multiproj\HelloWorld\src\helloworld.c(156): warning:  #1-D: last line of file ends without a newline
linking...
Program Size: Code=7508 RO-data=276 RW-data=68 ZI-data=9028  
".\build\FLASH\HelloWorld.axf" - 0 Error(s), 1 Warning(s).
  
Build Project 'HelloWorld' - Target 'HelloWorld RAM'
assembling startup_LPC17xx.s...
compiling system_LPC17xx.c...
compiling RTX_Conf_CM.c...
compiling uart_polling.c...
compiling Retarget.c...
compiling helloworld.c...
N:\ECE254\Repo\lab1\starter\Multiproj\HelloWorld\src\helloworld.c(156): warning:  #1-D: last line of file ends without a newline
linking...
Program Size: Code=7508 RO-data=276 RW-data=68 ZI-data=9028  
".\build\RAM\HelloWorld.axf" - 0 Error(s), 1 Warning(s).
  
*** Note: 'Create Batch File' is active - using 'Rebuild'.
Rebuild Project 'RTX_Lib_CM' - Target 'CM3_LE'
compiling rt_Task.c...
compiling rt_System.c...
compiling rt_Event.c...
compiling rt_List.c...
compiling rt_Mailbox.c...
compiling rt_Semaphore.c...
compiling rt_Time.c...
compiling rt_Timer.c...
compiling rt_Mutex.c...
compiling rt_Robin.c...
compiling rt_MemBox.c...
compiling rt_Task_ext.c...
N:\ECE254\Repo\lab1\starter\Multiproj\RTX_CM3\SRC\CM\rt_Task_ext.c(63): warning:  #1-D: last line of file ends without a newline
assembling SVC_Table.s...
compiling HAL_CM3.c...
creating Library...
User command #1: cmd.exe /C copy ArInp.Scr CM3_LE\BuildLib.scr
        1 file(s) copied.
".\CM3_LE\RTX_CM3.lib" - 0 Error(s), 1 Warning(s).
  
Build Project 'HelloWorld' - Target 'HelloWorld SIM'
assembling startup_LPC17xx.s...
compiling system_LPC17xx.c...
compiling RTX_Conf_CM.c...
compiling uart_polling.c...
compiling Retarget.c...
compiling helloworld.c...
N:\ECE254\Repo\lab1\starter\Multiproj\HelloWorld\src\helloworld.c(135): warning:  #1-D: last line of file ends without a newline
linking...
Program Size: Code=7640 RO-data=316 RW-data=68 ZI-data=9028  
".\build\FLASH\HelloWorld.axf" - 0 Error(s), 1 Warning(s).
  
Build Project 'HelloWorld' - Target 'HelloWorld RAM'
assembling startup_LPC17xx.s...
compiling system_LPC17xx.c...
compiling RTX_Conf_CM.c...
compiling uart_polling.c...
compiling Retarget.c...
compiling helloworld.c...
N:\ECE254\Repo\lab1\starter\Multiproj\HelloWorld\src\helloworld.c(135): warning:  #1-D: last line of file ends without a newline
linking...
Program Size: Code=7640 RO-data=316 RW-data=68 ZI-data=9028  
".\build\RAM\HelloWorld.axf" - 0 Error(s), 1 Warning(s).
  
*** Note: 'Create Batch File' is active - using 'Rebuild'.
Rebuild Project 'RTX_Lib_CM' - Target 'CM3_LE'
compiling rt_Task.c...
compiling rt_System.c...
compiling rt_Event.c...
compiling rt_List.c...
compiling rt_Mailbox.c...
compiling rt_Semaphore.c...
compiling rt_Time.c...
compiling rt_Timer.c...
compiling rt_Mutex.c...
compiling rt_Robin.c...
compiling rt_MemBox.c...
compiling rt_Task_ext.c...
N:\ECE254\Repo\lab1\starter\Multiproj\RTX_CM3\SRC\CM\rt_Task_ext.c(63): warning:  #1-D: last line of file ends without a newline
assembling SVC_Table.s...
compiling HAL_CM3.c...
creating Library...
User command #1: cmd.exe /C copy ArInp.Scr CM3_LE\BuildLib.scr
        1 file(s) copied.
".\CM3_LE\RTX_CM3.lib" - 0 Error(s), 1 Warning(s).
  
Build Project 'HelloWorld' - Target 'HelloWorld SIM'
assembling startup_LPC17xx.s...
compiling system_LPC17xx.c...
compiling RTX_Conf_CM.c...
compiling uart_polling.c...
compiling Retarget.c...
compiling helloworld.c...
N:\ECE254\Repo\lab1\starter\Multiproj\HelloWorld\src\helloworld.c(135): warning:  #1-D: last line of file ends without a newline
linking...
Program Size: Code=7640 RO-data=316 RW-data=68 ZI-data=9028  
".\build\FLASH\HelloWorld.axf" - 0 Error(s), 1 Warning(s).
  
Build Project 'HelloWorld' - Target 'HelloWorld RAM'
assembling startup_LPC17xx.s...
compiling system_LPC17xx.c...
compiling RTX_Conf_CM.c...
compiling uart_polling.c...
compiling Retarget.c...
compiling helloworld.c...
N:\ECE254\Repo\lab1\starter\Multiproj\HelloWorld\src\helloworld.c(135): warning:  #1-D: last line of file ends without a newline
linking...
Program Size: Code=7640 RO-data=316 RW-data=68 ZI-data=9028  
".\build\RAM\HelloWorld.axf" - 0 Error(s), 1 Warning(s).
  
*** Note: 'Create Batch File' is active - using 'Rebuild'.
Rebuild Project 'RTX_Lib_CM' - Target 'CM3_LE'
compiling rt_Task.c...
compiling rt_System.c...
compiling rt_Event.c...
compiling rt_List.c...
compiling rt_Mailbox.c...
compiling rt_Semaphore.c...
compiling rt_Time.c...
compiling rt_Timer.c...
compiling rt_Mutex.c...
compiling rt_Robin.c...
compiling rt_MemBox.c...
compiling rt_Task_ext.c...
N:\ECE254\Repo\lab1\starter\Multiproj\RTX_CM3\SRC\CM\rt_Task_ext.c(61): warning:  #1-D: last line of file ends without a newline
assembling SVC_Table.s...
compiling HAL_CM3.c...
creating Library...
User command #1: cmd.exe /C copy ArInp.Scr CM3_LE\BuildLib.scr
        1 file(s) copied.
".\CM3_LE\RTX_CM3.lib" - 0 Error(s), 1 Warning(s).
  
Build Project 'HelloWorld' - Target 'HelloWorld SIM'
assembling startup_LPC17xx.s...
compiling system_LPC17xx.c...
compiling RTX_Conf_CM.c...
compiling uart_polling.c...
compiling Retarget.c...
compiling helloworld.c...
N:\ECE254\Repo\lab1\starter\Multiproj\HelloWorld\src\helloworld.c(28): warning:  #111-D: statement is unreachable
N:\ECE254\Repo\lab1\starter\Multiproj\HelloWorld\src\helloworld.c(48): warning:  #111-D: statement is unreachable
N:\ECE254\Repo\lab1\starter\Multiproj\HelloWorld\src\helloworld.c(33): warning:  #177-D: variable "p_task_info" was declared but never referenced
N:\ECE254\Repo\lab1\starter\Multiproj\HelloWorld\src\helloworld.c(68): warning:  #111-D: statement is unreachable
N:\ECE254\Repo\lab1\starter\Multiproj\HelloWorld\src\helloworld.c(53): warning:  #177-D: variable "p_task_info" was declared but never referenced
N:\ECE254\Repo\lab1\starter\Multiproj\HelloWorld\src\helloworld.c(88): warning:  #111-D: statement is unreachable
N:\ECE254\Repo\lab1\starter\Multiproj\HelloWorld\src\helloworld.c(73): warning:  #177-D: variable "p_task_info" was declared but never referenced
N:\ECE254\Repo\lab1\starter\Multiproj\HelloWorld\src\helloworld.c(115): warning:  #111-D: statement is unreachable
linking...
Program Size: Code=7704 RO-data=316 RW-data=80 ZI-data=9024  
".\build\FLASH\HelloWorld.axf" - 0 Error(s), 8 Warning(s).
  
Build Project 'HelloWorld' - Target 'HelloWorld RAM'
assembling startup_LPC17xx.s...
compiling system_LPC17xx.c...
compiling RTX_Conf_CM.c...
compiling uart_polling.c...
compiling Retarget.c...
compiling helloworld.c...
N:\ECE254\Repo\lab1\starter\Multiproj\HelloWorld\src\helloworld.c(28): warning:  #111-D: statement is unreachable
N:\ECE254\Repo\lab1\starter\Multiproj\HelloWorld\src\helloworld.c(48): warning:  #111-D: statement is unreachable
N:\ECE254\Repo\lab1\starter\Multiproj\HelloWorld\src\helloworld.c(33): warning:  #177-D: variable "p_task_info" was declared but never referenced
N:\ECE254\Repo\lab1\starter\Multiproj\HelloWorld\src\helloworld.c(68): warning:  #111-D: statement is unreachable
N:\ECE254\Repo\lab1\starter\Multiproj\HelloWorld\src\helloworld.c(53): warning:  #177-D: variable "p_task_info" was declared but never referenced
N:\ECE254\Repo\lab1\starter\Multiproj\HelloWorld\src\helloworld.c(88): warning:  #111-D: statement is unreachable
N:\ECE254\Repo\lab1\starter\Multiproj\HelloWorld\src\helloworld.c(73): warning:  #177-D: variable "p_task_info" was declared but never referenced
N:\ECE254\Repo\lab1\starter\Multiproj\HelloWorld\src\helloworld.c(115): warning:  #111-D: statement is unreachable
linking...
Program Size: Code=7704 RO-data=316 RW-data=80 ZI-data=9024  
".\build\RAM\HelloWorld.axf" - 0 Error(s), 8 Warning(s).
  
*** Note: 'Create Batch File' is active - using 'Rebuild'.
Rebuild Project 'RTX_Lib_CM' - Target 'CM3_LE'
compiling rt_Task.c...
compiling rt_System.c...
compiling rt_Event.c...
compiling rt_List.c...
compiling rt_Mailbox.c...
compiling rt_Semaphore.c...
compiling rt_Time.c...
compiling rt_Timer.c...
compiling rt_Mutex.c...
compiling rt_Robin.c...
compiling rt_MemBox.c...
compiling rt_Task_ext.c...
N:\ECE254\Repo\lab1\starter\Multiproj\RTX_CM3\SRC\CM\rt_Task_ext.c(61): warning:  #1-D: last line of file ends without a newline
assembling SVC_Table.s...
compiling HAL_CM3.c...
creating Library...
User command #1: cmd.exe /C copy ArInp.Scr CM3_LE\BuildLib.scr
        1 file(s) copied.
".\CM3_LE\RTX_CM3.lib" - 0 Error(s), 1 Warning(s).
  
Build Project 'HelloWorld' - Target 'HelloWorld SIM'
assembling startup_LPC17xx.s...
compiling system_LPC17xx.c...
compiling RTX_Conf_CM.c...
compiling uart_polling.c...
compiling Retarget.c...
compiling helloworld.c...
N:\ECE254\Repo\lab1\starter\Multiproj\HelloWorld\src\helloworld.c(28): warning:  #111-D: statement is unreachable
N:\ECE254\Repo\lab1\starter\Multiproj\HelloWorld\src\helloworld.c(107): warning:  #111-D: statement is unreachable
linking...
Program Size: Code=7704 RO-data=316 RW-data=80 ZI-data=9024  
".\build\FLASH\HelloWorld.axf" - 0 Error(s), 2 Warning(s).
  
Build Project 'HelloWorld' - Target 'HelloWorld RAM'
assembling startup_LPC17xx.s...
compiling system_LPC17xx.c...
compiling RTX_Conf_CM.c...
compiling uart_polling.c...
compiling Retarget.c...
compiling helloworld.c...
N:\ECE254\Repo\lab1\starter\Multiproj\HelloWorld\src\helloworld.c(28): warning:  #111-D: statement is unreachable
N:\ECE254\Repo\lab1\starter\Multiproj\HelloWorld\src\helloworld.c(107): warning:  #111-D: statement is unreachable
linking...
Program Size: Code=7704 RO-data=316 RW-data=80 ZI-data=9024  
".\build\RAM\HelloWorld.axf" - 0 Error(s), 2 Warning(s).
  
*** Note: 'Create Batch File' is active - using 'Rebuild'.
Rebuild Project 'RTX_Lib_CM' - Target 'CM3_LE'
compiling rt_Task.c...
compiling rt_System.c...
compiling rt_Event.c...
compiling rt_List.c...
compiling rt_Mailbox.c...
compiling rt_Semaphore.c...
compiling rt_Time.c...
compiling rt_Timer.c...
compiling rt_Mutex.c...
compiling rt_Robin.c...
compiling rt_MemBox.c...
compiling rt_Task_ext.c...
N:\ECE254\Repo\lab1\starter\Multiproj\RTX_CM3\SRC\CM\rt_Task_ext.c(61): warning:  #1-D: last line of file ends without a newline
assembling SVC_Table.s...
compiling HAL_CM3.c...
creating Library...
User command #1: cmd.exe /C copy ArInp.Scr CM3_LE\BuildLib.scr
        1 file(s) copied.
".\CM3_LE\RTX_CM3.lib" - 0 Error(s), 1 Warning(s).
  
Build Project 'HelloWorld' - Target 'HelloWorld SIM'
assembling startup_LPC17xx.s...
compiling system_LPC17xx.c...
compiling RTX_Conf_CM.c...
compiling uart_polling.c...
compiling Retarget.c...
compiling helloworld.c...
linking...
Program Size: Code=7704 RO-data=316 RW-data=80 ZI-data=9024  
".\build\FLASH\HelloWorld.axf" - 0 Error(s), 0 Warning(s).
  
Build Project 'HelloWorld' - Target 'HelloWorld RAM'
assembling startup_LPC17xx.s...
compiling system_LPC17xx.c...
compiling RTX_Conf_CM.c...
compiling uart_polling.c...
compiling Retarget.c...
compiling helloworld.c...
linking...
Program Size: Code=7704 RO-data=316 RW-data=80 ZI-data=9024  
".\build\RAM\HelloWorld.axf" - 0 Error(s), 0 Warning(s).
  
*** Note: 'Create Batch File' is active - using 'Rebuild'.
Rebuild Project 'RTX_Lib_CM' - Target 'CM3_LE'
compiling rt_Task.c...
compiling rt_System.c...
compiling rt_Event.c...
compiling rt_List.c...
compiling rt_Mailbox.c...
compiling rt_Semaphore.c...
compiling rt_Time.c...
compiling rt_Timer.c...
compiling rt_Mutex.c...
compiling rt_Robin.c...
compiling rt_MemBox.c...
compiling rt_Task_ext.c...
N:\ECE254\Repo\lab1\starter\Multiproj\RTX_CM3\SRC\CM\rt_Task_ext.c(61): warning:  #1-D: last line of file ends without a newline
assembling SVC_Table.s...
compiling HAL_CM3.c...
creating Library...
User command #1: cmd.exe /C copy ArInp.Scr CM3_LE\BuildLib.scr
        1 file(s) copied.
".\CM3_LE\RTX_CM3.lib" - 0 Error(s), 1 Warning(s).
  
Build Project 'HelloWorld' - Target 'HelloWorld SIM'
assembling startup_LPC17xx.s...
compiling system_LPC17xx.c...
compiling RTX_Conf_CM.c...
compiling uart_polling.c...
compiling Retarget.c...
compiling helloworld.c...
linking...
Program Size: Code=7696 RO-data=316 RW-data=80 ZI-data=9024  
".\build\FLASH\HelloWorld.axf" - 0 Error(s), 0 Warning(s).
  
Build Project 'HelloWorld' - Target 'HelloWorld RAM'
assembling startup_LPC17xx.s...
compiling system_LPC17xx.c...
compiling RTX_Conf_CM.c...
compiling uart_polling.c...
compiling Retarget.c...
compiling helloworld.c...
linking...
Program Size: Code=7696 RO-data=316 RW-data=80 ZI-data=9024  
".\build\RAM\HelloWorld.axf" - 0 Error(s), 0 Warning(s).
  
*** Note: 'Create Batch File' is active - using 'Rebuild'.
Rebuild Project 'RTX_Lib_CM' - Target 'CM3_LE'
compiling rt_Task.c...
compiling rt_System.c...
compiling rt_Event.c...
compiling rt_List.c...
compiling rt_Mailbox.c...
compiling rt_Semaphore.c...
compiling rt_Time.c...
compiling rt_Timer.c...
compiling rt_Mutex.c...
compiling rt_Robin.c...
compiling rt_MemBox.c...
compiling rt_Task_ext.c...
N:\ECE254\Repo\lab1\starter\Multiproj\RTX_CM3\SRC\CM\rt_Task_ext.c(61): warning:  #1-D: last line of file ends without a newline
assembling SVC_Table.s...
compiling HAL_CM3.c...
creating Library...
User command #1: cmd.exe /C copy ArInp.Scr CM3_LE\BuildLib.scr
        1 file(s) copied.
".\CM3_LE\RTX_CM3.lib" - 0 Error(s), 1 Warning(s).
  
Build Project 'HelloWorld' - Target 'HelloWorld SIM'
assembling startup_LPC17xx.s...
compiling system_LPC17xx.c...
compiling RTX_Conf_CM.c...
compiling uart_polling.c...
compiling Retarget.c...
compiling helloworld.c...
linking...
Program Size: Code=7728 RO-data=316 RW-data=80 ZI-data=9024  
".\build\FLASH\HelloWorld.axf" - 0 Error(s), 0 Warning(s).
  
Build Project 'HelloWorld' - Target 'HelloWorld RAM'
assembling startup_LPC17xx.s...
compiling system_LPC17xx.c...
compiling RTX_Conf_CM.c...
compiling uart_polling.c...
compiling Retarget.c...
compiling helloworld.c...
linking...
Program Size: Code=7728 RO-data=316 RW-data=80 ZI-data=9024  
".\build\RAM\HelloWorld.axf" - 0 Error(s), 0 Warning(s).
  
*** Note: 'Create Batch File' is active - using 'Rebuild'.
Rebuild Project 'RTX_Lib_CM' - Target 'CM3_LE'
compiling rt_Task.c...
compiling rt_System.c...
compiling rt_Event.c...
compiling rt_List.c...
compiling rt_Mailbox.c...
compiling rt_Semaphore.c...
compiling rt_Time.c...
compiling rt_Timer.c...
compiling rt_Mutex.c...
compiling rt_Robin.c...
compiling rt_MemBox.c...
compiling rt_Task_ext.c...
N:\ECE254\Repo\lab1\starter\Multiproj\RTX_CM3\SRC\CM\rt_Task_ext.c(61): warning:  #1-D: last line of file ends without a newline
assembling SVC_Table.s...
compiling HAL_CM3.c...
creating Library...
User command #1: cmd.exe /C copy ArInp.Scr CM3_LE\BuildLib.scr
        1 file(s) copied.
".\CM3_LE\RTX_CM3.lib" - 0 Error(s), 1 Warning(s).
  
Build Project 'HelloWorld' - Target 'HelloWorld SIM'
assembling startup_LPC17xx.s...
compiling system_LPC17xx.c...
compiling RTX_Conf_CM.c...
compiling uart_polling.c...
compiling Retarget.c...
compiling helloworld.c...
linking...
Program Size: Code=7728 RO-data=316 RW-data=80 ZI-data=9024  
".\build\FLASH\HelloWorld.axf" - 0 Error(s), 0 Warning(s).
  
Build Project 'HelloWorld' - Target 'HelloWorld RAM'
assembling startup_LPC17xx.s...
compiling system_LPC17xx.c...
compiling RTX_Conf_CM.c...
compiling uart_polling.c...
compiling Retarget.c...
compiling helloworld.c...
linking...
Program Size: Code=7728 RO-data=316 RW-data=80 ZI-data=9024  
".\build\RAM\HelloWorld.axf" - 0 Error(s), 0 Warning(s).
  
*** Note: 'Create Batch File' is active - using 'Rebuild'.
Rebuild Project 'RTX_Lib_CM' - Target 'CM3_LE'
compiling rt_Task.c...
compiling rt_System.c...
compiling rt_Event.c...
compiling rt_List.c...
compiling rt_Mailbox.c...
compiling rt_Semaphore.c...
compiling rt_Time.c...
compiling rt_Timer.c...
compiling rt_Mutex.c...
compiling rt_Robin.c...
compiling rt_MemBox.c...
compiling rt_Task_ext.c...
N:\ECE254\Repo\lab1\starter\Multiproj\RTX_CM3\SRC\CM\rt_Task_ext.c(61): warning:  #1-D: last line of file ends without a newline
assembling SVC_Table.s...
compiling HAL_CM3.c...
creating Library...
User command #1: cmd.exe /C copy ArInp.Scr CM3_LE\BuildLib.scr
        1 file(s) copied.
".\CM3_LE\RTX_CM3.lib" - 0 Error(s), 1 Warning(s).
  
Build Project 'HelloWorld' - Target 'HelloWorld SIM'
assembling startup_LPC17xx.s...
compiling system_LPC17xx.c...
compiling RTX_Conf_CM.c...
compiling uart_polling.c...
compiling Retarget.c...
compiling helloworld.c...
linking...
Program Size: Code=7728 RO-data=316 RW-data=80 ZI-data=9024  
".\build\FLASH\HelloWorld.axf" - 0 Error(s), 0 Warning(s).
  
Build Project 'HelloWorld' - Target 'HelloWorld RAM'
assembling startup_LPC17xx.s...
compiling system_LPC17xx.c...
compiling RTX_Conf_CM.c...
compiling uart_polling.c...
compiling Retarget.c...
compiling helloworld.c...
linking...
Program Size: Code=7728 RO-data=316 RW-data=80 ZI-data=9024  
".\build\RAM\HelloWorld.axf" - 0 Error(s), 0 Warning(s).
  
*** Note: 'Create Batch File' is active - using 'Rebuild'.
Rebuild Project 'RTX_Lib_CM' - Target 'CM3_LE'
compiling rt_Task.c...
compiling rt_System.c...
compiling rt_Event.c...
compiling rt_List.c...
compiling rt_Mailbox.c...
compiling rt_Semaphore.c...
compiling rt_Time.c...
compiling rt_Timer.c...
compiling rt_Mutex.c...
compiling rt_Robin.c...
compiling rt_MemBox.c...
compiling rt_Task_ext.c...
N:\ECE254\Repo\lab1\starter\Multiproj\RTX_CM3\SRC\CM\rt_Task_ext.c(61): warning:  #1-D: last line of file ends without a newline
assembling SVC_Table.s...
compiling HAL_CM3.c...
creating Library...
User command #1: cmd.exe /C copy ArInp.Scr CM3_LE\BuildLib.scr
        1 file(s) copied.
".\CM3_LE\RTX_CM3.lib" - 0 Error(s), 1 Warning(s).
  
Build Project 'HelloWorld' - Target 'HelloWorld SIM'
assembling startup_LPC17xx.s...
compiling system_LPC17xx.c...
compiling RTX_Conf_CM.c...
compiling uart_polling.c...
compiling Retarget.c...
compiling helloworld.c...
linking...
Program Size: Code=7728 RO-data=316 RW-data=80 ZI-data=9024  
".\build\FLASH\HelloWorld.axf" - 0 Error(s), 0 Warning(s).
  
Build Project 'HelloWorld' - Target 'HelloWorld RAM'
assembling startup_LPC17xx.s...
compiling system_LPC17xx.c...
compiling RTX_Conf_CM.c...
compiling uart_polling.c...
compiling Retarget.c...
compiling helloworld.c...
linking...
Program Size: Code=7728 RO-data=316 RW-data=80 ZI-data=9024  
".\build\RAM\HelloWorld.axf" - 0 Error(s), 0 Warning(s).
  
*** Note: 'Create Batch File' is active - using 'Rebuild'.
Rebuild Project 'RTX_Lib_CM' - Target 'CM3_LE'
compiling rt_Task.c...
compiling rt_System.c...
compiling rt_Event.c...
compiling rt_List.c...
compiling rt_Mailbox.c...
compiling rt_Semaphore.c...
compiling rt_Time.c...
compiling rt_Timer.c...
compiling rt_Mutex.c...
compiling rt_Robin.c...
compiling rt_MemBox.c...
compiling rt_Task_ext.c...
N:\ECE254\Repo\lab1\starter\Multiproj\RTX_CM3\SRC\CM\rt_Task_ext.c(61): warning:  #1-D: last line of file ends without a newline
assembling SVC_Table.s...
compiling HAL_CM3.c...
creating Library...
User command #1: cmd.exe /C copy ArInp.Scr CM3_LE\BuildLib.scr
        1 file(s) copied.
".\CM3_LE\RTX_CM3.lib" - 0 Error(s), 1 Warning(s).
  
Build Project 'HelloWorld' - Target 'HelloWorld SIM'
assembling startup_LPC17xx.s...
compiling system_LPC17xx.c...
compiling RTX_Conf_CM.c...
compiling uart_polling.c...
compiling Retarget.c...
compiling helloworld.c...
linking...
Program Size: Code=7728 RO-data=316 RW-data=80 ZI-data=9024  
".\build\FLASH\HelloWorld.axf" - 0 Error(s), 0 Warning(s).
  
Build Project 'HelloWorld' - Target 'HelloWorld RAM'
assembling startup_LPC17xx.s...
compiling system_LPC17xx.c...
compiling RTX_Conf_CM.c...
compiling uart_polling.c...
compiling Retarget.c...
compiling helloworld.c...
linking...
Program Size: Code=7728 RO-data=316 RW-data=80 ZI-data=9024  
".\build\RAM\HelloWorld.axf" - 0 Error(s), 0 Warning(s).
Clean started: Project: 'RTX_Lib_CM'
   deleting intermediate output files for target 'CM3_LE'
Clean started: Project: 'HelloWorld'
   deleting intermediate output files for target 'HelloWorld SIM'
Clean started: Project: 'HelloWorld'
   deleting intermediate output files for target 'HelloWorld RAM'
  
*** Note: 'Create Batch File' is active - using 'Rebuild'.
Rebuild Project 'RTX_Lib_CM' - Target 'CM3_LE'
compiling rt_Task.c...
compiling rt_System.c...
compiling rt_Event.c...
compiling rt_List.c...
compiling rt_Mailbox.c...
compiling rt_Semaphore.c...
compiling rt_Time.c...
compiling rt_Timer.c...
compiling rt_Mutex.c...
compiling rt_Robin.c...
compiling rt_MemBox.c...
compiling rt_Task_ext.c...
N:\ECE254\Repo\lab1\starter\Multiproj\RTX_CM3\SRC\CM\rt_Task_ext.c(61): warning:  #1-D: last line of file ends without a newline
assembling SVC_Table.s...
compiling HAL_CM3.c...
creating Library...
User command #1: cmd.exe /C copy ArInp.Scr CM3_LE\BuildLib.scr
        1 file(s) copied.
".\CM3_LE\RTX_CM3.lib" - 0 Error(s), 1 Warning(s).
  
Build Project 'HelloWorld' - Target 'HelloWorld SIM'
assembling startup_LPC17xx.s...
compiling system_LPC17xx.c...
compiling RTX_Conf_CM.c...
compiling uart_polling.c...
compiling Retarget.c...
compiling helloworld.c...
linking...
Program Size: Code=7728 RO-data=316 RW-data=80 ZI-data=9024  
".\build\FLASH\HelloWorld.axf" - 0 Error(s), 0 Warning(s).
  
Build Project 'HelloWorld' - Target 'HelloWorld RAM'
assembling startup_LPC17xx.s...
compiling system_LPC17xx.c...
compiling RTX_Conf_CM.c...
compiling uart_polling.c...
compiling Retarget.c...
compiling helloworld.c...
linking...
Program Size: Code=7728 RO-data=316 RW-data=80 ZI-data=9024  
".\build\RAM\HelloWorld.axf" - 0 Error(s), 0 Warning(s).
