ARM Linker, 5.02 [Build 28] [MDK-ARM Lite]

==============================================================================

Section Cross References

    startup_lpc17xx.o(STACK) refers (Special) to heapauxi.o(.text) for __use_two_region_memory
    startup_lpc17xx.o(HEAP) refers (Special) to heapauxi.o(.text) for __use_two_region_memory
    startup_lpc17xx.o(RESET) refers (Special) to heapauxi.o(.text) for __use_two_region_memory
    startup_lpc17xx.o(RESET) refers to startup_lpc17xx.o(STACK) for __initial_sp
    startup_lpc17xx.o(RESET) refers to startup_lpc17xx.o(.text) for Reset_Handler
    startup_lpc17xx.o(RESET) refers to hal_cm3.o(.emb_text) for SVC_Handler
    startup_lpc17xx.o(.ARM.__at_0x02FC) refers (Special) to heapauxi.o(.text) for __use_two_region_memory
    startup_lpc17xx.o(.text) refers (Special) to heapauxi.o(.text) for __use_two_region_memory
    startup_lpc17xx.o(.text) refers to __main.o(!!!main) for __main
    startup_lpc17xx.o(.text) refers to startup_lpc17xx.o(HEAP) for Heap_Mem
    startup_lpc17xx.o(.text) refers to startup_lpc17xx.o(STACK) for Stack_Mem
    system_lpc17xx.o(.text) refers to system_lpc17xx.o(.data) for SystemFrequency
    rtx_conf_cm.o(.text) refers to rt_task.o(i.rt_tsk_self) for rt_tsk_self
    rtx_conf_cm.o(.text) refers to rt_mutex.o(i.rt_mut_init) for rt_mut_init
    rtx_conf_cm.o(.text) refers to rtx_conf_cm.o(.bss) for .bss
    rtx_conf_cm.o(.text) refers to libspace.o(.bss) for __libspace_start
    rtx_conf_cm.o(.text) refers to rtx_conf_cm.o(.data) for .data
    rtx_conf_cm.o(.text) refers to rt_mutex.o(i.rt_mut_wait) for rt_mut_wait
    rtx_conf_cm.o(.text) refers to rt_mutex.o(i.rt_mut_release) for rt_mut_release
    retarget.o(.text) refers (Special) to use_no_semi.o(.text) for __use_no_semihosting_swi
    retarget.o(.text) refers to uart_polling.o(.text) for uart_put_char
    retarget.o(.data) refers (Special) to use_no_semi.o(.text) for __use_no_semihosting_swi
    helloworld.o(.text) refers to _printf_percent.o(.ARM.Collect$$_printf_percent$$00000000) for _printf_percent
    helloworld.o(.text) refers to _printf_d.o(.ARM.Collect$$_printf_percent$$00000009) for _printf_d
    helloworld.o(.text) refers to _printf_dec.o(.text) for _printf_int_dec
    helloworld.o(.text) refers to _printf_x.o(.ARM.Collect$$_printf_percent$$0000000C) for _printf_x
    helloworld.o(.text) refers to _printf_hex_int.o(.text) for _printf_longlong_hex
    helloworld.o(.text) refers to noretval__2printf.o(.text) for __2printf
    helloworld.o(.text) refers to system_lpc17xx.o(.text) for SystemInit
    helloworld.o(.text) refers to uart_polling.o(.text) for uart_init
    helloworld.o(.text) refers to hal_cm3.o(.emb_text) for os_set_env
    helloworld.o(.text) refers to rt_task_ext.o(i.rt_tsk_count_get) for rt_tsk_count_get
    helloworld.o(.text) refers to rt_time.o(i.rt_dly_wait) for rt_dly_wait
    helloworld.o(.text) refers to rt_task_ext.o(i.rt_tsk_get) for rt_tsk_get
    helloworld.o(.text) refers to rt_task.o(i.rt_tsk_create) for rt_tsk_create
    helloworld.o(.text) refers to helloworld.o(.data) for p_tcb1
    helloworld.o(.text) refers to rt_task.o(i.rt_tsk_delete) for rt_tsk_delete
    helloworld.o(.text) refers to rt_task.o(i.rt_sys_init) for rt_sys_init
    rt_task.o(i.rt_block) refers to rt_list.o(i.rt_put_dly) for rt_put_dly
    rt_task.o(i.rt_block) refers to rt_list.o(i.rt_get_first) for rt_get_first
    rt_task.o(i.rt_block) refers to rt_task.o(i.rt_switch_req) for rt_switch_req
    rt_task.o(i.rt_block) refers to rt_task.o(.data) for os_tsk
    rt_task.o(i.rt_block) refers to rt_list.o(.bss) for os_rdy
    rt_task.o(i.rt_dispatch) refers to rt_list.o(i.rt_get_first) for rt_get_first
    rt_task.o(i.rt_dispatch) refers to rt_task.o(i.rt_switch_req) for rt_switch_req
    rt_task.o(i.rt_dispatch) refers to rt_list.o(i.rt_put_rdy_first) for rt_put_rdy_first
    rt_task.o(i.rt_dispatch) refers to rt_list.o(i.rt_put_prio) for rt_put_prio
    rt_task.o(i.rt_dispatch) refers to rt_list.o(.bss) for os_rdy
    rt_task.o(i.rt_dispatch) refers to rt_task.o(.data) for os_tsk
    rt_task.o(i.rt_get_TID) refers to rtx_conf_cm.o(.bss) for os_active_TCB
    rt_task.o(i.rt_get_TID) refers to rtx_conf_cm.o(.constdata) for os_maxtaskrun
    rt_task.o(i.rt_init_context) refers to rt_membox.o(i.rt_alloc_box) for rt_alloc_box
    rt_task.o(i.rt_init_context) refers to hal_cm3.o(i.rt_init_stack) for rt_init_stack
    rt_task.o(i.rt_init_context) refers to rtx_conf_cm.o(.bss) for mp_stk
    rt_task.o(i.rt_switch_req) refers to hal_cm3.o(i.dbg_task_switch) for dbg_task_switch
    rt_task.o(i.rt_switch_req) refers to rt_task.o(.data) for os_tsk
    rt_task.o(i.rt_switch_req) refers to hal_cm3.o(.data) for dbg_msg
    rt_task.o(i.rt_sys_init) refers to hal_cm3.o(i.dbg_init) for dbg_init
    rt_task.o(i.rt_sys_init) refers to rt_membox.o(i._init_box) for _init_box
[...]
    noretval__2printf.o(.text) refers to retarget.o(.data) for __stdout
    __printf.o(.text) refers to _printf_percent.o(.ARM.Collect$$_printf_percent$$00000000) for _printf_percent
    _printf_dec.o(.text) refers to _printf_intcommon.o(.text) for _printf_int_common
    _printf_hex_ll.o(.text) refers to _printf_intcommon.o(.text) for _printf_int_common
    _printf_hex_ll.o(.text) refers to _printf_hex_ll.o(.constdata) for .constdata
    _printf_hex_int.o(.text) refers to _printf_intcommon.o(.text) for _printf_int_common
    _printf_hex_int.o(.text) refers to _printf_hex_int.o(.constdata) for .constdata
    _printf_hex_int_ll.o(.text) refers to _printf_intcommon.o(.text) for _printf_int_common
    _printf_hex_int_ll.o(.text) refers to _printf_hex_int_ll.o(.constdata) for .constdata
    _printf_hex_ptr.o(.text) refers to _printf_intcommon.o(.text) for _printf_int_common
    _printf_hex_ptr.o(.text) refers to _printf_hex_ptr.o(.constdata) for .constdata
    _printf_hex_int_ptr.o(.text) refers to _printf_intcommon.o(.text) for _printf_int_common
    _printf_hex_int_ptr.o(.text) refers to _printf_hex_int_ptr.o(.constdata) for .constdata
    _printf_hex_ll_ptr.o(.text) refers to _printf_intcommon.o(.text) for _printf_int_common
    _printf_hex_ll_ptr.o(.text) refers to _printf_hex_ll_ptr.o(.constdata) for .constdata
    _printf_hex_int_ll_ptr.o(.text) refers to _printf_intcommon.o(.text) for _printf_int_common
    _printf_hex_int_ll_ptr.o(.text) refers to _printf_hex_int_ll_ptr.o(.constdata) for .constdata
    __printf_flags.o(.text) refers to _printf_percent.o(.ARM.Collect$$_printf_percent$$00000000) for _printf_percent
    __printf_flags.o(.text) refers to __printf_flags.o(.constdata) for .constdata
    __printf_ss.o(.text) refers to _printf_percent.o(.ARM.Collect$$_printf_percent$$00000000) for _printf_percent
    __printf_flags_ss.o(.text) refers to _printf_percent.o(.ARM.Collect$$_printf_percent$$00000000) for _printf_percent
    __printf_flags_ss.o(.text) refers to __printf_flags_ss.o(.constdata) for .constdata
    __printf_wp.o(.text) refers to __printf_wp.o(i._is_digit) for _is_digit
    __printf_wp.o(.text) refers to _printf_percent.o(.ARM.Collect$$_printf_percent$$00000000) for _printf_percent
    __printf_flags_wp.o(.text) refers to __printf_wp.o(i._is_digit) for _is_digit
    __printf_flags_wp.o(.text) refers to _printf_percent.o(.ARM.Collect$$_printf_percent$$00000000) for _printf_percent
    __printf_flags_wp.o(.text) refers to __printf_flags_wp.o(.constdata) for .constdata
    __printf_ss_wp.o(.text) refers to __printf_wp.o(i._is_digit) for _is_digit
    __printf_ss_wp.o(.text) refers to _printf_percent.o(.ARM.Collect$$_printf_percent$$00000000) for _printf_percent
    __printf_flags_ss_wp.o(.text) refers to __printf_wp.o(i._is_digit) for _is_digit
    __printf_flags_ss_wp.o(.text) refers to _printf_percent.o(.ARM.Collect$$_printf_percent$$00000000) for _printf_percent
    __printf_flags_ss_wp.o(.text) refers to __printf_flags_ss_wp.o(.constdata) for .constdata
    _printf_x.o(.ARM.Collect$$_printf_percent$$0000000C) refers (Weak) to _printf_hex_int.o(.text) for _printf_int_hex
    _printf_d.o(.ARM.Collect$$_printf_percent$$00000009) refers (Weak) to _printf_dec.o(.text) for _printf_int_dec
    _printf_percent.o(.ARM.Collect$$_printf_percent$$00000000) refers (Special) to _printf_percent_end.o(.ARM.Collect$$_printf_percent$$00000017) for _printf_percent_end
    __main.o(!!!main) refers to rtentry.o(.ARM.Collect$$rtentry$$00000000) for __rt_entry
    ddiv.o(x$fpl$drdiv) refers (Special) to usenofp.o(x$fpl$usenofp) for __I$use$fp
    ddiv.o(x$fpl$drdiv) refers to ddiv.o(x$fpl$ddiv) for ddiv_entry
    ddiv.o(x$fpl$ddiv) refers (Special) to usenofp.o(x$fpl$usenofp) for __I$use$fp
    ddiv.o(x$fpl$ddiv) refers to dretinf.o(x$fpl$dretinf) for __fpl_dretinf
    ddiv.o(x$fpl$ddiv) refers to dnaninf.o(x$fpl$dnaninf) for __fpl_dnaninf
    dfixu.o(x$fpl$dfixu) refers (Special) to usenofp.o(x$fpl$usenofp) for __I$use$fp
    dfixu.o(x$fpl$dfixu) refers to dnaninf.o(x$fpl$dnaninf) for __fpl_dnaninf
    dfixu.o(x$fpl$dfixur) refers (Special) to usenofp.o(x$fpl$usenofp) for __I$use$fp
    dfixu.o(x$fpl$dfixur) refers to dnaninf.o(x$fpl$dnaninf) for __fpl_dnaninf
    dflt_clz.o(x$fpl$dfltu) refers (Special) to usenofp.o(x$fpl$usenofp) for __I$use$fp
    dflt_clz.o(x$fpl$dflt) refers (Special) to usenofp.o(x$fpl$usenofp) for __I$use$fp
    dflt_clz.o(x$fpl$dfltn) refers (Special) to usenofp.o(x$fpl$usenofp) for __I$use$fp
    dmul.o(x$fpl$dmul) refers (Special) to usenofp.o(x$fpl$usenofp) for __I$use$fp
    dmul.o(x$fpl$dmul) refers to dretinf.o(x$fpl$dretinf) for __fpl_dretinf
    dmul.o(x$fpl$dmul) refers to dnaninf.o(x$fpl$dnaninf) for __fpl_dnaninf
    rtentry.o(.ARM.Collect$$rtentry$$00000000) refers (Special) to rtentry2.o(.ARM.Collect$$rtentry$$0000000A) for __rt_entry_li
    rtentry.o(.ARM.Collect$$rtentry$$00000000) refers (Special) to rtentry2.o(.ARM.Collect$$rtentry$$0000000D) for __rt_entry_main
    rtentry.o(.ARM.Collect$$rtentry$$00000000) refers (Special) to rtentry2.o(.ARM.Collect$$rtentry$$0000000C) for __rt_entry_postli_1
    rtentry.o(.ARM.Collect$$rtentry$$00000000) refers (Special) to rtentry2.o(.ARM.Collect$$rtentry$$00000009) for __rt_entry_postsh_1
    rtentry.o(.ARM.Collect$$rtentry$$00000000) refers (Special) to rtentry2.o(.ARM.Collect$$rtentry$$00000002) for __rt_entry_presh_1
    rtentry.o(.ARM.Collect$$rtentry$$00000000) refers (Special) to rtentry4.o(.ARM.Collect$$rtentry$$00000004) for __rt_entry_sh
    _printf_char_file.o(.text) refers to _printf_char_common.o(.text) for _printf_char_common
    _printf_char_file.o(.text) refers to retarget.o(.text) for ferror
    dnaninf.o(x$fpl$dnaninf) refers (Special) to usenofp.o(x$fpl$usenofp) for __I$use$fp
    dretinf.o(x$fpl$dretinf) refers (Special) to usenofp.o(x$fpl$usenofp) for __I$use$fp
    rtentry2.o(.ARM.Collect$$rtentry$$00000008) refers to boardinit2.o(.text) for _platform_post_stackheap_init
    rtentry2.o(.ARM.Collect$$rtentry$$0000000A) refers to libinit.o(.ARM.Collect$$libinit$$00000000) for __rt_lib_init
    rtentry2.o(.ARM.Collect$$rtentry$$0000000B) refers to boardinit3.o(.text) for _platform_post_lib_init
    rtentry2.o(.ARM.Collect$$rtentry$$0000000D) refers to helloworld.o(.text) for main
    rtentry2.o(.ARM.Collect$$rtentry$$0000000D) refers to exit.o(.text) for exit
    rtentry2.o(.ARM.exidx) refers to rtentry2.o(.ARM.Collect$$rtentry$$00000001) for .ARM.Collect$$rtentry$$00000001
    rtentry2.o(.ARM.exidx) refers to rtentry2.o(.ARM.Collect$$rtentry$$00000008) for .ARM.Collect$$rtentry$$00000008
    rtentry2.o(.ARM.exidx) refers to rtentry2.o(.ARM.Collect$$rtentry$$0000000A) for .ARM.Collect$$rtentry$$0000000A
    rtentry2.o(.ARM.exidx) refers to rtentry2.o(.ARM.Collect$$rtentry$$0000000B) for .ARM.Collect$$rtentry$$0000000B
    rtentry2.o(.ARM.exidx) refers to rtentry2.o(.ARM.Collect$$rtentry$$0000000D) for .ARM.Collect$$rtentry$$0000000D
    rtentry4.o(.ARM.Collect$$rtentry$$00000004) refers to sys_stackheap_outer.o(.text) for __user_setup_stackheap
    rtentry4.o(.ARM.exidx) refers to rtentry4.o(.ARM.Collect$$rtentry$$00000004) for .ARM.Collect$$rtentry$$00000004
    _printf_char_common.o(.text) refers to __printf.o(.text) for __printf
    sys_stackheap_outer.o(.text) refers to libspace.o(.text) for __user_perproc_libspace
    sys_stackheap_outer.o(.text) refers to startup_lpc17xx.o(.text) for __user_initial_stackheap
    exit.o(.text) refers to rtexit.o(.ARM.Collect$$rtexit$$00000000) for __rt_exit
    libinit.o(.ARM.Collect$$libinit$$00000000) refers (Special) to libinit2.o(.ARM.Collect$$libinit$$0000002C) for __rt_lib_init_alloca_1
    libinit.o(.ARM.Collect$$libinit$$00000000) refers (Special) to libinit2.o(.ARM.Collect$$libinit$$0000002A) for __rt_lib_init_argv_1
    libinit.o(.ARM.Collect$$libinit$$00000000) refers (Special) to libinit2.o(.ARM.Collect$$libinit$$00000019) for __rt_lib_init_atexit_1
    libinit.o(.ARM.Collect$$libinit$$00000000) refers (Special) to libinit2.o(.ARM.Collect$$libinit$$0000001F) for __rt_lib_init_clock_1
    libinit.o(.ARM.Collect$$libinit$$00000000) refers (Special) to libinit2.o(.ARM.Collect$$libinit$$00000030) for __rt_lib_init_cpp_1
    libinit.o(.ARM.Collect$$libinit$$00000000) refers (Special) to libinit2.o(.ARM.Collect$$libinit$$0000002E) for __rt_lib_init_exceptions_1
    libinit.o(.ARM.Collect$$libinit$$00000000) refers (Special) to libinit2.o(.ARM.Collect$$libinit$$00000002) for __rt_lib_init_fp_1
    libinit.o(.ARM.Collect$$libinit$$00000000) refers (Special) to libinit2.o(.ARM.Collect$$libinit$$0000001D) for __rt_lib_init_fp_trap_1
    libinit.o(.ARM.Collect$$libinit$$00000000) refers (Special) to libinit2.o(.ARM.Collect$$libinit$$00000021) for __rt_lib_init_getenv_1
    libinit.o(.ARM.Collect$$libinit$$00000000) refers (Special) to libinit2.o(.ARM.Collect$$libinit$$00000008) for __rt_lib_init_heap_1
    libinit.o(.ARM.Collect$$libinit$$00000000) refers (Special) to libinit2.o(.ARM.Collect$$libinit$$0000000F) for __rt_lib_init_lc_collate_1
    libinit.o(.ARM.Collect$$libinit$$00000000) refers (Special) to libinit2.o(.ARM.Collect$$libinit$$00000011) for __rt_lib_init_lc_ctype_1
    libinit.o(.ARM.Collect$$libinit$$00000000) refers (Special) to libinit2.o(.ARM.Collect$$libinit$$00000013) for __rt_lib_init_lc_monetary_1
    libinit.o(.ARM.Collect$$libinit$$00000000) refers (Special) to libinit2.o(.ARM.Collect$$libinit$$00000015) for __rt_lib_init_lc_numeric_1
    libinit.o(.ARM.Collect$$libinit$$00000000) refers (Special) to libinit2.o(.ARM.Collect$$libinit$$00000017) for __rt_lib_init_lc_time_1
    libinit.o(.ARM.Collect$$libinit$$00000000) refers (Special) to libinit2.o(.ARM.Collect$$libinit$$0000000C) for __rt_lib_init_rand_1
    libinit.o(.ARM.Collect$$libinit$$00000000) refers (Special) to libinit2.o(.ARM.Collect$$libinit$$00000031) for __rt_lib_init_return
    libinit.o(.ARM.Collect$$libinit$$00000000) refers (Special) to libinit2.o(.ARM.Collect$$libinit$$0000001B) for __rt_lib_init_signal_1
    libinit.o(.ARM.Collect$$libinit$$00000000) refers (Special) to libinit2.o(.ARM.Collect$$libinit$$00000023) for __rt_lib_init_stdio_1
    libinit.o(.ARM.Collect$$libinit$$00000000) refers (Special) to libinit2.o(.ARM.Collect$$libinit$$0000000A) for __rt_lib_init_user_alloc_1
    rtexit.o(.ARM.Collect$$rtexit$$00000000) refers (Special) to rtexit2.o(.ARM.Collect$$rtexit$$00000004) for __rt_exit_exit
    rtexit.o(.ARM.Collect$$rtexit$$00000000) refers (Special) to rtexit2.o(.ARM.Collect$$rtexit$$00000003) for __rt_exit_ls
    rtexit.o(.ARM.Collect$$rtexit$$00000000) refers (Special) to rtexit2.o(.ARM.Collect$$rtexit$$00000002) for __rt_exit_prels_1
    rtexit.o(.ARM.exidx) refers (Special) to rtexit2.o(.ARM.Collect$$rtexit$$00000004) for __rt_exit_exit
    rtexit.o(.ARM.exidx) refers (Special) to rtexit2.o(.ARM.Collect$$rtexit$$00000003) for __rt_exit_ls
    rtexit.o(.ARM.exidx) refers (Special) to rtexit2.o(.ARM.Collect$$rtexit$$00000002) for __rt_exit_prels_1
    rtexit.o(.ARM.exidx) refers to rtexit.o(.ARM.Collect$$rtexit$$00000000) for .ARM.Collect$$rtexit$$00000000
    libinit2.o(.ARM.Collect$$libinit$$0000000E) refers to libinit2.o(.ARM.Collect$$libinit$$0000000D) for .ARM.Collect$$libinit$$0000000D
    libinit2.o(.ARM.Collect$$libinit$$00000010) refers to libinit2.o(.ARM.Collect$$libinit$$0000000D) for .ARM.Collect$$libinit$$0000000D
    libinit2.o(.ARM.Collect$$libinit$$00000012) refers to libinit2.o(.ARM.Collect$$libinit$$0000000D) for .ARM.Collect$$libinit$$0000000D
    libinit2.o(.ARM.Collect$$libinit$$00000014) refers to libinit2.o(.ARM.Collect$$libinit$$0000000D) for .ARM.Collect$$libinit$$0000000D
    libinit2.o(.ARM.Collect$$libinit$$00000016) refers to libinit2.o(.ARM.Collect$$libinit$$0000000D) for .ARM.Collect$$libinit$$0000000D
    libinit2.o(.ARM.Collect$$libinit$$00000024) refers to argv_veneer.o(.emb_text) for __ARM_argv_veneer
    libinit2.o(.ARM.Collect$$libinit$$00000025) refers to argv_veneer.o(.emb_text) for __ARM_argv_veneer
    rtexit2.o(.ARM.Collect$$rtexit$$00000003) refers to libshutdown.o(.ARM.Collect$$libshutdown$$00000000) for __rt_lib_shutdown
    rtexit2.o(.ARM.Collect$$rtexit$$00000004) refers to retarget.o(.text) for _sys_exit
    rtexit2.o(.ARM.exidx) refers to rtexit2.o(.ARM.Collect$$rtexit$$00000001) for .ARM.Collect$$rtexit$$00000001
    rtexit2.o(.ARM.exidx) refers to rtexit2.o(.ARM.Collect$$rtexit$$00000003) for .ARM.Collect$$rtexit$$00000003
    rtexit2.o(.ARM.exidx) refers to rtexit2.o(.ARM.Collect$$rtexit$$00000004) for .ARM.Collect$$rtexit$$00000004
    argv_veneer.o(.emb_text) refers to no_argv.o(.text) for __ARM_get_argv
    _get_argv_nomalloc.o(.text) refers (Special) to hrguard.o(.text) for __heap_region$guard
    _get_argv_nomalloc.o(.text) refers to defsig_rtmem_outer.o(.text) for __rt_SIGRTMEM
    _get_argv_nomalloc.o(.text) refers to sys_command.o(.text) for _sys_command_string
    libshutdown.o(.ARM.Collect$$libshutdown$$00000000) refers (Special) to libshutdown2.o(.ARM.Collect$$libshutdown$$00000006) for __rt_lib_shutdown_fp_trap_1
    libshutdown.o(.ARM.Collect$$libshutdown$$00000000) refers (Special) to libshutdown2.o(.ARM.Collect$$libshutdown$$0000000E) for __rt_lib_shutdown_heap_1
    libshutdown.o(.ARM.Collect$$libshutdown$$00000000) refers (Special) to libshutdown2.o(.ARM.Collect$$libshutdown$$0000000F) for __rt_lib_shutdown_return
    libshutdown.o(.ARM.Collect$$libshutdown$$00000000) refers (Special) to libshutdown2.o(.ARM.Collect$$libshutdown$$00000009) for __rt_lib_shutdown_signal_1
    libshutdown.o(.ARM.Collect$$libshutdown$$00000000) refers (Special) to libshutdown2.o(.ARM.Collect$$libshutdown$$00000003) for __rt_lib_shutdown_stdio_1
    libshutdown.o(.ARM.Collect$$libshutdown$$00000000) refers (Special) to libshutdown2.o(.ARM.Collect$$libshutdown$$0000000B) for __rt_lib_shutdown_user_alloc_1
    sys_command.o(.text) refers (Special) to use_no_semi.o(.text) for __I$use$semihosting
    sys_command.o(.text) refers (Special) to indicate_semi.o(.text) for __semihosting_library_function
    defsig_rtmem_outer.o(.text) refers to defsig_rtmem_inner.o(.text) for __rt_SIGRTMEM_inner
    defsig_rtmem_outer.o(.text) refers to defsig_exit.o(.text) for __sig_exit
    defsig_rtmem_formal.o(.text) refers to rt_raise.o(.text) for __rt_raise
    rt_raise.o(.text) refers to __raise.o(.text) for __raise
    rt_raise.o(.text) refers to retarget.o(.text) for _sys_exit
    defsig_exit.o(.text) refers to retarget.o(.text) for _sys_exit
    defsig_rtmem_inner.o(.text) refers to defsig_general.o(.text) for __default_signal_display
    __raise.o(.text) refers to defsig.o(CL$$defsig) for __default_signal_handler
    defsig_general.o(.text) refers to retarget.o(.text) for _ttywrch
    defsig.o(CL$$defsig) refers to defsig_rtmem_inner.o(.text) for __rt_SIGRTMEM_inner
    defsig_abrt_inner.o(.text) refers to defsig_general.o(.text) for __default_signal_display
    defsig_fpe_inner.o(.text) refers to defsig_general.o(.text) for __default_signal_display
    defsig_rtred_inner.o(.text) refers to defsig_general.o(.text) for __default_signal_display
    defsig_stak_inner.o(.text) refers to defsig_general.o(.text) for __default_signal_display
    defsig_pvfn_inner.o(.text) refers to defsig_general.o(.text) for __default_signal_display
    defsig_cppl_inner.o(.text) refers to defsig_general.o(.text) for __default_signal_display
    defsig_segv_inner.o(.text) refers to defsig_general.o(.text) for __default_signal_display
    defsig_other.o(.text) refers to defsig_general.o(.text) for __default_signal_display


==============================================================================

Removing Unused input sections from the image.

    Removing system_lpc17xx.o(.rev16_text), (4 bytes).
    Removing system_lpc17xx.o(.revsh_text), (4 bytes).
    Removing uart_polling.o(.rev16_text), (4 bytes).
    Removing uart_polling.o(.revsh_text), (4 bytes).
    Removing helloworld.o(.rev16_text), (4 bytes).
    Removing helloworld.o(.revsh_text), (4 bytes).
    Removing rt_task.o(i.rt_tsk_pass), (44 bytes).
    Removing rt_task.o(i.rt_tsk_prio), (160 bytes).
    Removing rt_time.o(i.rt_itv_set), (28 bytes).
    Removing rt_time.o(i.rt_itv_wait), (60 bytes).
    Removing rt_time.o(i.rt_time_get), (12 bytes).
    Removing rt_system.o(.emb_text), (0 bytes).
    Removing rt_system.o(i.rt_psh_req), (36 bytes).
    Removing rt_system.o(i.rt_resume), (236 bytes).
    Removing rt_system.o(i.rt_suspend), (52 bytes).
    Removing rt_system.o(i.rt_tsk_lock), (116 bytes).
    Removing rt_system.o(i.rt_tsk_unlock), (128 bytes).
    Removing rt_list.o(i.rt_get_same_rdy_prio), (44 bytes).
    Removing rt_list.o(i.rt_psq_enq), (116 bytes).
    Removing rt_membox.o(i._calloc_box), (40 bytes).
    Removing rt_event.o(i.isr_evt_set), (40 bytes).
    Removing rt_event.o(i.rt_evt_clr), (32 bytes).
    Removing rt_event.o(i.rt_evt_get), (12 bytes).
    Removing rt_event.o(i.rt_evt_set), (108 bytes).
    Removing rt_event.o(i.rt_evt_wait), (116 bytes).
    Removing rt_mailbox.o(i.isr_mbx_receive), (96 bytes).
    Removing rt_mailbox.o(i.isr_mbx_send), (22 bytes).
    Removing rt_mailbox.o(i.rt_mbx_check), (12 bytes).
    Removing rt_mailbox.o(i.rt_mbx_init), (32 bytes).
    Removing rt_mailbox.o(i.rt_mbx_send), (200 bytes).
    Removing rt_mailbox.o(i.rt_mbx_wait), (220 bytes).
    Removing rt_semaphore.o(i.isr_sem_send), (20 bytes).
    Removing rt_semaphore.o(i.rt_sem_init), (16 bytes).
    Removing rt_semaphore.o(i.rt_sem_send), (64 bytes).
    Removing rt_semaphore.o(i.rt_sem_wait), (80 bytes).
    Removing rt_timer.o(i.rt_tmr_create), (100 bytes).
    Removing rt_timer.o(i.rt_tmr_kill), (60 bytes).

37 unused section(s) (total 2326 bytes) removed from the image.

==============================================================================

Image Symbol Table

    Local Symbols

    Symbol Name                              Value     Ov Type        Size  Object(Section)

    RESET                                    0x00000000   Section      204  startup_lpc17xx.o(RESET)
    ../clib/angel/boardlib.s                 0x00000000   Number         0  boardshut.o ABSOLUTE
    ../clib/angel/boardlib.s                 0x00000000   Number         0  boardinit1.o ABSOLUTE
    ../clib/angel/boardlib.s                 0x00000000   Number         0  boardinit2.o ABSOLUTE
    ../clib/angel/boardlib.s                 0x00000000   Number         0  boardinit3.o ABSOLUTE
    ../clib/angel/handlers.s                 0x00000000   Number         0  __scatter_zi.o ABSOLUTE
    ../clib/angel/handlers.s                 0x00000000   Number         0  __scatter_copy.o ABSOLUTE
    ../clib/angel/kernel.s                   0x00000000   Number         0  rtexit2.o ABSOLUTE
    ../clib/angel/kernel.s                   0x00000000   Number         0  rtentry.o ABSOLUTE
    ../clib/angel/kernel.s                   0x00000000   Number         0  rtentry2.o ABSOLUTE
    ../clib/angel/kernel.s                   0x00000000   Number         0  rtentry4.o ABSOLUTE
    ../clib/angel/kernel.s                   0x00000000   Number         0  rtexit.o ABSOLUTE
    ../clib/angel/rt.s                       0x00000000   Number         0  rt_raise.o ABSOLUTE
    ../clib/angel/scatter.s                  0x00000000   Number         0  __scatter.o ABSOLUTE
    ../clib/angel/startup.s                  0x00000000   Number         0  __main.o ABSOLUTE
    ../clib/angel/sys.s                      0x00000000   Number         0  libspace.o ABSOLUTE
    ../clib/angel/sys.s                      0x00000000   Number         0  sys_stackheap_outer.o ABSOLUTE
    ../clib/angel/sys.s                      0x00000000   Number         0  use_no_semi.o ABSOLUTE
    ../clib/angel/sys.s                      0x00000000   Number         0  indicate_semi.o ABSOLUTE
    ../clib/angel/sysapp.c                   0x00000000   Number         0  sys_command.o ABSOLUTE
    ../clib/armsys.c                         0x00000000   Number         0  argv_veneer.o ABSOLUTE
    ../clib/armsys.c                         0x00000000   Number         0  argv_veneer.o ABSOLUTE
    ../clib/armsys.c                         0x00000000   Number         0  _get_argv_nomalloc.o ABSOLUTE
    ../clib/armsys.c                         0x00000000   Number         0  no_argv.o ABSOLUTE
    ../clib/heapalloc.c                      0x00000000   Number         0  hrguard.o ABSOLUTE
    ../clib/heapaux.c                        0x00000000   Number         0  heapauxi.o ABSOLUTE
    ../clib/libinit.s                        0x00000000   Number         0  libinit2.o ABSOLUTE
    ../clib/libinit.s                        0x00000000   Number         0  libshutdown.o ABSOLUTE
    ../clib/libinit.s                        0x00000000   Number         0  libshutdown2.o ABSOLUTE
    ../clib/libinit.s                        0x00000000   Number         0  libinit.o ABSOLUTE
    ../clib/printf.c                         0x00000000   Number         0  _printf_hex_ptr.o ABSOLUTE
    ../clib/printf.c                         0x00000000   Number         0  __printf_flags.o ABSOLUTE
    ../clib/printf.c                         0x00000000   Number         0  _printf_char_file.o ABSOLUTE
    ../clib/printf.c                         0x00000000   Number         0  _printf_hex_int_ptr.o ABSOLUTE
    ../clib/printf.c                         0x00000000   Number         0  _printf_hex_ll_ptr.o ABSOLUTE
    ../clib/printf.c                         0x00000000   Number         0  _printf_hex_ll.o ABSOLUTE
    ../clib/printf.c                         0x00000000   Number         0  __printf_ss.o ABSOLUTE
    ../clib/printf.c                         0x00000000   Number         0  __printf_wp.o ABSOLUTE
    ../clib/printf.c                         0x00000000   Number         0  _printf_hex_int.o ABSOLUTE
    ../clib/printf.c                         0x00000000   Number         0  __printf_flags_wp.o ABSOLUTE
    ../clib/printf.c                         0x00000000   Number         0  _printf_dec.o ABSOLUTE
    ../clib/printf.c                         0x00000000   Number         0  __printf_ss_wp.o ABSOLUTE
    ../clib/printf.c                         0x00000000   Number         0  __printf.o ABSOLUTE
    ../clib/printf.c                         0x00000000   Number         0  _printf_hex_int_ll.o ABSOLUTE
    ../clib/printf.c                         0x00000000   Number         0  __printf_flags_ss_wp.o ABSOLUTE
    ../clib/printf.c                         0x00000000   Number         0  noretval__2printf.o ABSOLUTE
    ../clib/printf.c                         0x00000000   Number         0  __2printf.o ABSOLUTE
    ../clib/printf.c                         0x00000000   Number         0  __printf_nopercent.o ABSOLUTE
    ../clib/printf.c                         0x00000000   Number         0  __printf_flags_ss.o ABSOLUTE
    ../clib/printf.c                         0x00000000   Number         0  _printf_char_common.o ABSOLUTE
    ../clib/printf.c                         0x00000000   Number         0  _printf_intcommon.o ABSOLUTE
    ../clib/printf.c                         0x00000000   Number         0  _printf_hex_int_ll_ptr.o ABSOLUTE
    ../clib/printf_percent.s                 0x00000000   Number         0  _printf_x.o ABSOLUTE
    ../clib/printf_percent.s                 0x00000000   Number         0  _printf_d.o ABSOLUTE
    ../clib/printf_percent.s                 0x00000000   Number         0  _printf_percent_end.o ABSOLUTE
    ../clib/printf_percent.s                 0x00000000   Number         0  _printf_percent.o ABSOLUTE
    ../clib/signal.c                         0x00000000   Number         0  defsig_segv_inner.o ABSOLUTE
    ../clib/signal.c                         0x00000000   Number         0  defsig_cppl_inner.o ABSOLUTE
    ../clib/signal.c                         0x00000000   Number         0  defsig_pvfn_inner.o ABSOLUTE
    ../clib/signal.c                         0x00000000   Number         0  defsig_stak_inner.o ABSOLUTE
    ../clib/signal.c                         0x00000000   Number         0  defsig_rtred_inner.o ABSOLUTE
    ../clib/signal.c                         0x00000000   Number         0  defsig_fpe_inner.o ABSOLUTE
    ../clib/signal.c                         0x00000000   Number         0  defsig_abrt_inner.o ABSOLUTE
    ../clib/signal.c                         0x00000000   Number         0  defsig_general.o ABSOLUTE
    ../clib/signal.c                         0x00000000   Number         0  __raise.o ABSOLUTE
    ../clib/signal.c                         0x00000000   Number         0  defsig_other.o ABSOLUTE
    ../clib/signal.c                         0x00000000   Number         0  defsig_exit.o ABSOLUTE
    ../clib/signal.c                         0x00000000   Number         0  defsig_rtmem_formal.o ABSOLUTE
    ../clib/signal.c                         0x00000000   Number         0  defsig_rtmem_outer.o ABSOLUTE
    ../clib/signal.c                         0x00000000   Number         0  defsig_rtmem_inner.o ABSOLUTE
    ../clib/signal.s                         0x00000000   Number         0  defsig.o ABSOLUTE
    ../clib/stdlib.c                         0x00000000   Number         0  exit.o ABSOLUTE
    ../fplib/ddiv.s                          0x00000000   Number         0  ddiv.o ABSOLUTE
    ../fplib/dfixu.s                         0x00000000   Number         0  dfixu.o ABSOLUTE
    ../fplib/dflt.s                          0x00000000   Number         0  dflt_clz.o ABSOLUTE
    ../fplib/dmul.s                          0x00000000   Number         0  dmul.o ABSOLUTE
    ../fplib/dnaninf.s                       0x00000000   Number         0  dnaninf.o ABSOLUTE
    ../fplib/dretinf.s                       0x00000000   Number         0  dretinf.o ABSOLUTE
    ../fplib/fpinit.s                        0x00000000   Number         0  fpinit.o ABSOLUTE
    ../fplib/usenofp.s                       0x00000000   Number         0  usenofp.o ABSOLUTE
    SRC\CM\HAL_CM3.c                         0x00000000   Number         0  hal_cm3.o ABSOLUTE
    SRC\CM\SVC_Table.s                       0x00000000   Number         0  SVC_Table.o ABSOLUTE
    SRC\CM\rt_Event.c                        0x00000000   Number         0  rt_event.o ABSOLUTE
    SRC\CM\rt_List.c                         0x00000000   Number         0  rt_list.o ABSOLUTE
    SRC\CM\rt_Mailbox.c                      0x00000000   Number         0  rt_mailbox.o ABSOLUTE
    SRC\CM\rt_MemBox.c                       0x00000000   Number         0  rt_membox.o ABSOLUTE
    SRC\CM\rt_Mutex.c                        0x00000000   Number         0  rt_mutex.o ABSOLUTE
    SRC\CM\rt_Robin.c                        0x00000000   Number         0  rt_robin.o ABSOLUTE
    SRC\CM\rt_Semaphore.c                    0x00000000   Number         0  rt_semaphore.o ABSOLUTE
    SRC\CM\rt_System.c                       0x00000000   Number         0  rt_system.o ABSOLUTE
    SRC\CM\rt_Task.c                         0x00000000   Number         0  rt_task.o ABSOLUTE
    SRC\CM\rt_Task_ext.c                     0x00000000   Number         0  rt_task_ext.o ABSOLUTE
    SRC\CM\rt_Time.c                         0x00000000   Number         0  rt_time.o ABSOLUTE
    SRC\CM\rt_Timer.c                        0x00000000   Number         0  rt_timer.o ABSOLUTE
    SRC\\CM\\HAL_CM3.c                       0x00000000   Number         0  hal_cm3.o ABSOLUTE
    SRC\\CM\\rt_System.c                     0x00000000   Number         0  rt_system.o ABSOLUTE
    dc.s                                     0x00000000   Number         0  dc.o ABSOLUTE
    src\RTX_Conf_CM.c                        0x00000000   Number         0  rtx_conf_cm.o ABSOLUTE
    src\Retarget.c                           0x00000000   Number         0  retarget.o ABSOLUTE
    src\\helloworld.c                        0x00000000   Number         0  helloworld.o ABSOLUTE
    src\\system_LPC17xx.c                    0x00000000   Number         0  system_lpc17xx.o ABSOLUTE
    src\\uart_polling.c                      0x00000000   Number         0  uart_polling.o ABSOLUTE
    src\helloworld.c                         0x00000000   Number         0  helloworld.o ABSOLUTE
    src\startup_LPC17xx.s                    0x00000000   Number         0  startup_lpc17xx.o ABSOLUTE
    src\system_LPC17xx.c                     0x00000000   Number         0  system_lpc17xx.o ABSOLUTE
    src\uart_polling.c                       0x00000000   Number         0  uart_polling.o ABSOLUTE
    !!!main                                  0x000000cc   Section        8  __main.o(!!!main)
    !!!scatter                               0x000000d4   Section       52  __scatter.o(!!!scatter)
    !!handler_copy                           0x00000108   Section       26  __scatter_copy.o(!!handler_copy)
    !!handler_zi                             0x00000124   Section       28  __scatter_zi.o(!!handler_zi)
    .ARM.Collect$$_printf_percent$$00000000  0x00000140   Section        0  _printf_percent.o(.ARM.Collect$$_printf_percent$$00000000)
    .ARM.Collect$$_printf_percent$$00000009  0x00000140   Section        6  _printf_d.o(.ARM.Collect$$_printf_percent$$00000009)
    .ARM.Collect$$_printf_percent$$0000000C  0x00000146   Section        6  _printf_x.o(.ARM.Collect$$_printf_percent$$0000000C)
    .ARM.Collect$$_printf_percent$$00000017  0x0000014c   Section        4  _printf_percent_end.o(.ARM.Collect$$_printf_percent$$00000017)
    .ARM.Collect$$libinit$$00000000          0x00000150   Section        2  libinit.o(.ARM.Collect$$libinit$$00000000)
    .ARM.Collect$$libinit$$00000002          0x00000152   Section        0  libinit2.o(.ARM.Collect$$libinit$$00000002)
    .ARM.Collect$$libinit$$00000008          0x00000152   Section        0  libinit2.o(.ARM.Collect$$libinit$$00000008)
    .ARM.Collect$$libinit$$0000000A          0x00000152   Section        0  libinit2.o(.ARM.Collect$$libinit$$0000000A)
    .ARM.Collect$$libinit$$0000000C          0x00000152   Section        0  libinit2.o(.ARM.Collect$$libinit$$0000000C)
    .ARM.Collect$$libinit$$0000000F          0x00000152   Section        0  libinit2.o(.ARM.Collect$$libinit$$0000000F)
    .ARM.Collect$$libinit$$00000011          0x00000152   Section        0  libinit2.o(.ARM.Collect$$libinit$$00000011)
    .ARM.Collect$$libinit$$00000013          0x00000152   Section        0  libinit2.o(.ARM.Collect$$libinit$$00000013)
    .ARM.Collect$$libinit$$00000015          0x00000152   Section        0  libinit2.o(.ARM.Collect$$libinit$$00000015)
    .ARM.Collect$$libinit$$00000017          0x00000152   Section        0  libinit2.o(.ARM.Collect$$libinit$$00000017)
    .ARM.Collect$$libinit$$00000019          0x00000152   Section        0  libinit2.o(.ARM.Collect$$libinit$$00000019)
    .ARM.Collect$$libinit$$0000001B          0x00000152   Section        0  libinit2.o(.ARM.Collect$$libinit$$0000001B)
    .ARM.Collect$$libinit$$0000001D          0x00000152   Section        0  libinit2.o(.ARM.Collect$$libinit$$0000001D)
    .ARM.Collect$$libinit$$0000001F          0x00000152   Section        0  libinit2.o(.ARM.Collect$$libinit$$0000001F)
    .ARM.Collect$$libinit$$00000021          0x00000152   Section        0  libinit2.o(.ARM.Collect$$libinit$$00000021)
    .ARM.Collect$$libinit$$00000023          0x00000152   Section        0  libinit2.o(.ARM.Collect$$libinit$$00000023)
    .ARM.Collect$$libinit$$0000002A          0x00000152   Section        0  libinit2.o(.ARM.Collect$$libinit$$0000002A)
    .ARM.Collect$$libinit$$0000002C          0x00000152   Section        0  libinit2.o(.ARM.Collect$$libinit$$0000002C)
    .ARM.Collect$$libinit$$0000002E          0x00000152   Section        0  libinit2.o(.ARM.Collect$$libinit$$0000002E)
    .ARM.Collect$$libinit$$00000030          0x00000152   Section        0  libinit2.o(.ARM.Collect$$libinit$$00000030)
    .ARM.Collect$$libinit$$00000031          0x00000152   Section        2  libinit2.o(.ARM.Collect$$libinit$$00000031)
    .ARM.Collect$$libshutdown$$00000000      0x00000154   Section        2  libshutdown.o(.ARM.Collect$$libshutdown$$00000000)
    .ARM.Collect$$libshutdown$$00000003      0x00000156   Section        0  libshutdown2.o(.ARM.Collect$$libshutdown$$00000003)
    .ARM.Collect$$libshutdown$$00000006      0x00000156   Section        0  libshutdown2.o(.ARM.Collect$$libshutdown$$00000006)
    .ARM.Collect$$libshutdown$$00000009      0x00000156   Section        0  libshutdown2.o(.ARM.Collect$$libshutdown$$00000009)
    .ARM.Collect$$libshutdown$$0000000B      0x00000156   Section        0  libshutdown2.o(.ARM.Collect$$libshutdown$$0000000B)
    .ARM.Collect$$libshutdown$$0000000E      0x00000156   Section        0  libshutdown2.o(.ARM.Collect$$libshutdown$$0000000E)
    .ARM.Collect$$libshutdown$$0000000F      0x00000156   Section        2  libshutdown2.o(.ARM.Collect$$libshutdown$$0000000F)
    .ARM.Collect$$rtentry$$00000000          0x00000158   Section        0  rtentry.o(.ARM.Collect$$rtentry$$00000000)
    .ARM.Collect$$rtentry$$00000002          0x00000158   Section        0  rtentry2.o(.ARM.Collect$$rtentry$$00000002)
    .ARM.Collect$$rtentry$$00000004          0x00000158   Section        6  rtentry4.o(.ARM.Collect$$rtentry$$00000004)
    .ARM.Collect$$rtentry$$00000009          0x0000015e   Section        0  rtentry2.o(.ARM.Collect$$rtentry$$00000009)
    .ARM.Collect$$rtentry$$0000000A          0x0000015e   Section        4  rtentry2.o(.ARM.Collect$$rtentry$$0000000A)
    .ARM.Collect$$rtentry$$0000000C          0x00000162   Section        0  rtentry2.o(.ARM.Collect$$rtentry$$0000000C)
    .ARM.Collect$$rtentry$$0000000D          0x00000162   Section        8  rtentry2.o(.ARM.Collect$$rtentry$$0000000D)
    .ARM.Collect$$rtexit$$00000000           0x0000016a   Section        2  rtexit.o(.ARM.Collect$$rtexit$$00000000)
    .ARM.Collect$$rtexit$$00000002           0x0000016c   Section        0  rtexit2.o(.ARM.Collect$$rtexit$$00000002)
    .ARM.Collect$$rtexit$$00000003           0x0000016c   Section        4  rtexit2.o(.ARM.Collect$$rtexit$$00000003)
    .ARM.Collect$$rtexit$$00000004           0x00000170   Section        6  rtexit2.o(.ARM.Collect$$rtexit$$00000004)
    .emb_text                                0x00000178   Section      340  hal_cm3.o(.emb_text)
    .text                                    0x000002cc   Section        8  libspace.o(.text)
    .text                                    0x000002d4   Section        2  use_no_semi.o(.text)
    .text                                    0x000002d8   Section        0  noretval__2printf.o(.text)
    .text                                    0x000002f0   Section        0  heapauxi.o(.text)
    SVC_TABLE                                0x000002f8   Section        4  SVC_Table.o(SVC_TABLE)
    .ARM.__at_0x02FC                         0x000002fc   Section        4  startup_lpc17xx.o(.ARM.__at_0x02FC)
    .text                                    0x00000300   Section       52  startup_lpc17xx.o(.text)
    .text                                    0x00000334   Section        0  system_lpc17xx.o(.text)
    .text                                    0x00000550   Section        0  rtx_conf_cm.o(.text)
    __tagsym$$used                           0x0000059b   Number         0  rtx_conf_cm.o(.text)
    __tagsym$$used                           0x000005b5   Number         0  rtx_conf_cm.o(.text)
    .text                                    0x000005e4   Section        0  uart_polling.o(.text)
    .text                                    0x000006c0   Section        0  retarget.o(.text)
    .text                                    0x00000718   Section        0  helloworld.o(.text)
    .text                                    0x00000978   Section        0  __printf.o(.text)
    .text                                    0x000009e4   Section        0  _printf_dec.o(.text)
    .text                                    0x00000a5c   Section        0  _printf_hex_int.o(.text)
    .text                                    0x00000ab8   Section        0  _printf_intcommon.o(.text)
    .text                                    0x00000b70   Section        0  _printf_char_file.o(.text)
    .text                                    0x00000b94   Section        0  _printf_char_common.o(.text)
    _printf_input_char                       0x00000b95   Thumb Code    10  _printf_char_common.o(.text)
    .text                                    0x00000bc4   Section       74  sys_stackheap_outer.o(.text)
    .text                                    0x00000c0e   Section        0  exit.o(.text)
    i._init_box                              0x00000c1a   Section        0  rt_membox.o(i._init_box)
    i.dbg_init                               0x00000c74   Section        0  hal_cm3.o(i.dbg_init)
    i.dbg_task_notify                        0x00000ca8   Section        0  hal_cm3.o(i.dbg_task_notify)
    i.dbg_task_switch                        0x00000cd8   Section        0  hal_cm3.o(i.dbg_task_switch)
    i.os_tick_init                           0x00000cf0   Section        0  rt_system.o(i.os_tick_init)
    i.os_tick_irqack                         0x00000d20   Section        0  rt_system.o(i.os_tick_irqack)
    i.rt_alloc_box                           0x00000d22   Section        0  rt_membox.o(i.rt_alloc_box)
    i.rt_block                               0x00000d40   Section        0  rt_task.o(i.rt_block)
    i.rt_chk_robin                           0x00000d78   Section        0  rt_robin.o(i.rt_chk_robin)
    i.rt_dec_dly                             0x00000dd0   Section        0  rt_list.o(i.rt_dec_dly)
    i.rt_dispatch                            0x00000e64   Section        0  rt_task.o(i.rt_dispatch)
    i.rt_dly_wait                            0x00000eb4   Section        0  rt_time.o(i.rt_dly_wait)
    i.rt_evt_psh                             0x00000ec4   Section        0  rt_event.o(i.rt_evt_psh)
    i.rt_free_box                            0x00000f1c   Section        0  rt_membox.o(i.rt_free_box)
    i.rt_get_TID                             0x00000f40   Section        0  rt_task.o(i.rt_get_TID)
    rt_get_TID                               0x00000f41   Thumb Code    32  rt_task.o(i.rt_get_TID)
    i.rt_get_first                           0x00000f68   Section        0  rt_list.o(i.rt_get_first)
    i.rt_init_context                        0x00000f9c   Section        0  rt_task.o(i.rt_init_context)
    rt_init_context                          0x00000f9d   Thumb Code    66  rt_task.o(i.rt_init_context)
    i.rt_init_robin                          0x00000fe4   Section        0  rt_robin.o(i.rt_init_robin)
    i.rt_init_stack                          0x00000ffc   Section        0  hal_cm3.o(i.rt_init_stack)
    i.rt_mbx_psh                             0x00001050   Section        0  rt_mailbox.o(i.rt_mbx_psh)
    i.rt_mut_init                            0x00001124   Section        0  rt_mutex.o(i.rt_mut_init)
    i.rt_mut_release                         0x00001138   Section        0  rt_mutex.o(i.rt_mut_release)
    i.rt_mut_wait                            0x00001210   Section        0  rt_mutex.o(i.rt_mut_wait)
    i.rt_pop_req                             0x00001298   Section        0  rt_system.o(i.rt_pop_req)
    i.rt_put_dly                             0x0000133c   Section        0  rt_list.o(i.rt_put_dly)
    i.rt_put_prio                            0x00001398   Section        0  rt_list.o(i.rt_put_prio)
    i.rt_put_rdy_first                       0x000013d8   Section        0  rt_list.o(i.rt_put_rdy_first)
    i.rt_resort_prio                         0x000013ec   Section        0  rt_list.o(i.rt_resort_prio)
    i.rt_rmv_dly                             0x00001420   Section        0  rt_list.o(i.rt_rmv_dly)
    i.rt_rmv_list                            0x00001448   Section        0  rt_list.o(i.rt_rmv_list)
    i.rt_sem_psh                             0x0000147c   Section        0  rt_semaphore.o(i.rt_sem_psh)
    i.rt_stk_check                           0x000014b4   Section        0  rt_system.o(i.rt_stk_check)
    i.rt_switch_req                          0x000014e4   Section        0  rt_task.o(i.rt_switch_req)
    i.rt_sys_init                            0x00001514   Section        0  rt_task.o(i.rt_sys_init)
    i.rt_systick                             0x0000169c   Section        0  rt_system.o(i.rt_systick)
    i.rt_tmr_tick                            0x000016e0   Section        0  rt_timer.o(i.rt_tmr_tick)
    i.rt_tsk_count_get                       0x0000172c   Section        0  rt_task_ext.o(i.rt_tsk_count_get)
    i.rt_tsk_create                          0x0000175c   Section        0  rt_task.o(i.rt_tsk_create)
    i.rt_tsk_delete                          0x000017d8   Section        0  rt_task.o(i.rt_tsk_delete)
    i.rt_tsk_get                             0x000018bc   Section        0  rt_task_ext.o(i.rt_tsk_get)
    i.rt_tsk_self                            0x00001988   Section        0  rt_task.o(i.rt_tsk_self)
    x$fpl$ddiv                               0x000019a0   Section      688  ddiv.o(x$fpl$ddiv)
    ddiv_entry                               0x000019a7   Thumb Code     0  ddiv.o(x$fpl$ddiv)
    x$fpl$dfixu                              0x00001c50   Section       90  dfixu.o(x$fpl$dfixu)
    x$fpl$dflt                               0x00001caa   Section       46  dflt_clz.o(x$fpl$dflt)
    x$fpl$dfltu                              0x00001cd8   Section       38  dflt_clz.o(x$fpl$dfltu)
    x$fpl$dmul                               0x00001d00   Section      340  dmul.o(x$fpl$dmul)
    x$fpl$dnaninf                            0x00001e54   Section      156  dnaninf.o(x$fpl$dnaninf)
    x$fpl$dretinf                            0x00001ef0   Section       12  dretinf.o(x$fpl$dretinf)
    .constdata                               0x00001efc   Section       40  rtx_conf_cm.o(.constdata)
    x$fpl$usenofp                            0x00001efc   Section        0  usenofp.o(x$fpl$usenofp)
    __tagsym$$used                           0x00001f10   Number         0  rtx_conf_cm.o(.constdata)
    __tagsym$$used                           0x00001f14   Number         0  rtx_conf_cm.o(.constdata)
    .constdata                               0x00001f24   Section       40  _printf_hex_int.o(.constdata)
    uc_hextab                                0x00001f24   Data          20  _printf_hex_int.o(.constdata)
    lc_hextab                                0x00001f38   Data          20  _printf_hex_int.o(.constdata)
    .data                                    0x10000000   Section        4  system_lpc17xx.o(.data)
    .data                                    0x10000004   Section        8  rtx_conf_cm.o(.data)
    nr_mutex                                 0x10000008   Data           4  rtx_conf_cm.o(.data)
    .data                                    0x1000000c   Section        8  retarget.o(.data)
    .data                                    0x10000014   Section       20  helloworld.o(.data)
    .data                                    0x10000028   Section        8  rt_task.o(.data)
    .data                                    0x10000030   Section        4  rt_time.o(.data)
    .data                                    0x10000034   Section        1  hal_cm3.o(.data)
    .data                                    0x10000038   Section        7  rt_system.o(.data)
    os_lock                                  0x1000003c   Data           1  rt_system.o(.data)
    os_psh_flag                              0x1000003d   Data           1  rt_system.o(.data)
    pend_flags                               0x1000003e   Data           1  rt_system.o(.data)
    .data                                    0x10000040   Section        8  rt_robin.o(.data)
    .data                                    0x10000048   Section        8  rt_timer.o(.data)
    .bss                                     0x10000050   Section     8316  rtx_conf_cm.o(.bss)
    std_libspace                             0x10001e2c   Data         576  rtx_conf_cm.o(.bss)
    std_libmutex                             0x1000206c   Data          96  rtx_conf_cm.o(.bss)
    .bss                                     0x100020cc   Section       48  rt_task.o(.bss)
    .bss                                     0x100020fc   Section       48  rt_list.o(.bss)
    .bss                                     0x1000212c   Section       96  libspace.o(.bss)
    HEAP                                     0x10002190   Section        0  startup_lpc17xx.o(HEAP)
    STACK                                    0x10002190   Section      512  startup_lpc17xx.o(STACK)
    Heap_Mem                                 0x10002190   Data           0  startup_lpc17xx.o(HEAP)
    Stack_Mem                                0x10002190   Data         512  startup_lpc17xx.o(STACK)
    __initial_sp                             0x10002390   Data           0  startup_lpc17xx.o(STACK)

    Global Symbols

    Symbol Name                              Value     Ov Type        Size  Object(Section)

    BuildAttributes$$THM_ISAv4$P$D$K$B$S$PE$A:L22UL41UL21$X:L11$S22US41US21$IEEE1$IW$USESV6$~STKCKD$USESV7$~SHL$OSPACE$ROPI$EBA8$UX$STANDARDLIB$REQ8$PRES8$EABIv2 0x00000000   Number         0  anon$$obj.o ABSOLUTE
    __ARM_use_no_argv                        0x00000000   Number         0  helloworld.o ABSOLUTE
    __Vectors                                0x00000000   Data           4  startup_lpc17xx.o(RESET)
    __ARM_exceptions_init                     - Undefined Weak Reference
    __alloca_initialize                       - Undefined Weak Reference
    __cpp_initialize__aeabi_                  - Undefined Weak Reference
    __cxa_finalize                            - Undefined Weak Reference
    __rt_locale                               - Undefined Weak Reference
    __sigvec_lookup                           - Undefined Weak Reference
    _atexit_init                              - Undefined Weak Reference
    _call_atexit_fns                          - Undefined Weak Reference
    _clock_init                               - Undefined Weak Reference
    _fp_trap_init                             - Undefined Weak Reference
    _fp_trap_shutdown                         - Undefined Weak Reference
    _get_lc_collate                           - Undefined Weak Reference
    _get_lc_ctype                             - Undefined Weak Reference
    _get_lc_monetary                          - Undefined Weak Reference
    _get_lc_numeric                           - Undefined Weak Reference
    _get_lc_time                              - Undefined Weak Reference
    _getenv_init                              - Undefined Weak Reference
    _handle_redirection                       - Undefined Weak Reference
    _init_alloc                               - Undefined Weak Reference
    _init_user_alloc                          - Undefined Weak Reference
    _initio                                   - Undefined Weak Reference
    _printf_post_padding                      - Undefined Weak Reference
    _printf_pre_padding                       - Undefined Weak Reference
    _printf_truncate_signed                   - Undefined Weak Reference
    _printf_truncate_unsigned                 - Undefined Weak Reference
    _rand_init                                - Undefined Weak Reference
    _signal_finish                            - Undefined Weak Reference
    _signal_init                              - Undefined Weak Reference
    _terminate_alloc                          - Undefined Weak Reference
    _terminate_user_alloc                     - Undefined Weak Reference
    _terminateio                              - Undefined Weak Reference
    __main                                   0x000000cd   Thumb Code     8  __main.o(!!!main)
    __scatterload                            0x000000d5   Thumb Code     0  __scatter.o(!!!scatter)
    __scatterload_rt2                        0x000000d5   Thumb Code    44  __scatter.o(!!!scatter)
    __scatterload_rt2_thumb_only             0x000000d5   Thumb Code     0  __scatter.o(!!!scatter)
    __scatterload_null                       0x000000e3   Thumb Code     0  __scatter.o(!!!scatter)
    __scatterload_copy                       0x00000109   Thumb Code    26  __scatter_copy.o(!!handler_copy)
    __scatterload_zeroinit                   0x00000125   Thumb Code    28  __scatter_zi.o(!!handler_zi)
    _printf_d                                0x00000141   Thumb Code     0  _printf_d.o(.ARM.Collect$$_printf_percent$$00000009)
    _printf_percent                          0x00000141   Thumb Code     0  _printf_percent.o(.ARM.Collect$$_printf_percent$$00000000)
    _printf_x                                0x00000147   Thumb Code     0  _printf_x.o(.ARM.Collect$$_printf_percent$$0000000C)
    _printf_percent_end                      0x0000014d   Thumb Code     0  _printf_percent_end.o(.ARM.Collect$$_printf_percent$$00000017)
    __rt_lib_init                            0x00000151   Thumb Code     0  libinit.o(.ARM.Collect$$libinit$$00000000)
    __rt_lib_init_alloca_1                   0x00000153   Thumb Code     0  libinit2.o(.ARM.Collect$$libinit$$0000002C)
    __rt_lib_init_argv_1                     0x00000153   Thumb Code     0  libinit2.o(.ARM.Collect$$libinit$$0000002A)
    __rt_lib_init_atexit_1                   0x00000153   Thumb Code     0  libinit2.o(.ARM.Collect$$libinit$$00000019)
    __rt_lib_init_clock_1                    0x00000153   Thumb Code     0  libinit2.o(.ARM.Collect$$libinit$$0000001F)
    __rt_lib_init_cpp_1                      0x00000153   Thumb Code     0  libinit2.o(.ARM.Collect$$libinit$$00000030)
    __rt_lib_init_exceptions_1               0x00000153   Thumb Code     0  libinit2.o(.ARM.Collect$$libinit$$0000002E)
    __rt_lib_init_fp_1                       0x00000153   Thumb Code     0  libinit2.o(.ARM.Collect$$libinit$$00000002)
    __rt_lib_init_fp_trap_1                  0x00000153   Thumb Code     0  libinit2.o(.ARM.Collect$$libinit$$0000001D)
    __rt_lib_init_getenv_1                   0x00000153   Thumb Code     0  libinit2.o(.ARM.Collect$$libinit$$00000021)
    __rt_lib_init_heap_1                     0x00000153   Thumb Code     0  libinit2.o(.ARM.Collect$$libinit$$00000008)
    __rt_lib_init_lc_collate_1               0x00000153   Thumb Code     0  libinit2.o(.ARM.Collect$$libinit$$0000000F)
    __rt_lib_init_lc_ctype_1                 0x00000153   Thumb Code     0  libinit2.o(.ARM.Collect$$libinit$$00000011)
    __rt_lib_init_lc_monetary_1              0x00000153   Thumb Code     0  libinit2.o(.ARM.Collect$$libinit$$00000013)
    __rt_lib_init_lc_numeric_1               0x00000153   Thumb Code     0  libinit2.o(.ARM.Collect$$libinit$$00000015)
    __rt_lib_init_lc_time_1                  0x00000153   Thumb Code     0  libinit2.o(.ARM.Collect$$libinit$$00000017)
    __rt_lib_init_rand_1                     0x00000153   Thumb Code     0  libinit2.o(.ARM.Collect$$libinit$$0000000C)
    __rt_lib_init_return                     0x00000153   Thumb Code     0  libinit2.o(.ARM.Collect$$libinit$$00000031)
    __rt_lib_init_signal_1                   0x00000153   Thumb Code     0  libinit2.o(.ARM.Collect$$libinit$$0000001B)
    __rt_lib_init_stdio_1                    0x00000153   Thumb Code     0  libinit2.o(.ARM.Collect$$libinit$$00000023)
    __rt_lib_init_user_alloc_1               0x00000153   Thumb Code     0  libinit2.o(.ARM.Collect$$libinit$$0000000A)
    __rt_lib_shutdown                        0x00000155   Thumb Code     0  libshutdown.o(.ARM.Collect$$libshutdown$$00000000)
    __rt_lib_shutdown_fp_trap_1              0x00000157   Thumb Code     0  libshutdown2.o(.ARM.Collect$$libshutdown$$00000006)
    __rt_lib_shutdown_heap_1                 0x00000157   Thumb Code     0  libshutdown2.o(.ARM.Collect$$libshutdown$$0000000E)
    __rt_lib_shutdown_return                 0x00000157   Thumb Code     0  libshutdown2.o(.ARM.Collect$$libshutdown$$0000000F)
    __rt_lib_shutdown_signal_1               0x00000157   Thumb Code     0  libshutdown2.o(.ARM.Collect$$libshutdown$$00000009)
    __rt_lib_shutdown_stdio_1                0x00000157   Thumb Code     0  libshutdown2.o(.ARM.Collect$$libshutdown$$00000003)
    __rt_lib_shutdown_user_alloc_1           0x00000157   Thumb Code     0  libshutdown2.o(.ARM.Collect$$libshutdown$$0000000B)
    __rt_entry                               0x00000159   Thumb Code     0  rtentry.o(.ARM.Collect$$rtentry$$00000000)
    __rt_entry_presh_1                       0x00000159   Thumb Code     0  rtentry2.o(.ARM.Collect$$rtentry$$00000002)
    __rt_entry_sh                            0x00000159   Thumb Code     0  rtentry4.o(.ARM.Collect$$rtentry$$00000004)
    __rt_entry_li                            0x0000015f   Thumb Code     0  rtentry2.o(.ARM.Collect$$rtentry$$0000000A)
    __rt_entry_postsh_1                      0x0000015f   Thumb Code     0  rtentry2.o(.ARM.Collect$$rtentry$$00000009)
    __rt_entry_main                          0x00000163   Thumb Code     0  rtentry2.o(.ARM.Collect$$rtentry$$0000000D)
    __rt_entry_postli_1                      0x00000163   Thumb Code     0  rtentry2.o(.ARM.Collect$$rtentry$$0000000C)
    __rt_exit                                0x0000016b   Thumb Code     0  rtexit.o(.ARM.Collect$$rtexit$$00000000)
    __rt_exit_ls                             0x0000016d   Thumb Code     0  rtexit2.o(.ARM.Collect$$rtexit$$00000003)
    __rt_exit_prels_1                        0x0000016d   Thumb Code     0  rtexit2.o(.ARM.Collect$$rtexit$$00000002)
    __rt_exit_exit                           0x00000171   Thumb Code     0  rtexit2.o(.ARM.Collect$$rtexit$$00000004)
    rt_set_PSP                               0x00000179   Thumb Code     6  hal_cm3.o(.emb_text)
    rt_get_PSP                               0x0000017f   Thumb Code     6  hal_cm3.o(.emb_text)
    os_set_env                               0x00000185   Thumb Code    24  hal_cm3.o(.emb_text)
    _alloc_box                               0x000001a1   Thumb Code    28  hal_cm3.o(.emb_text)
    _free_box                                0x000001c1   Thumb Code    28  hal_cm3.o(.emb_text)
    SVC_Handler                              0x000001e1   Thumb Code   124  hal_cm3.o(.emb_text)
    PendSV_Handler                           0x00000269   Thumb Code    76  hal_cm3.o(.emb_text)
    SysTick_Handler                          0x000002b9   Thumb Code     8  hal_cm3.o(.emb_text)
    OS_Tick_Handler                          0x000002c1   Thumb Code    12  hal_cm3.o(.emb_text)
    __user_libspace                          0x000002cd   Thumb Code     8  libspace.o(.text)
    __user_perproc_libspace                  0x000002cd   Thumb Code     0  libspace.o(.text)
    __I$use$semihosting                      0x000002d5   Thumb Code     0  use_no_semi.o(.text)
    __use_no_semihosting_swi                 0x000002d5   Thumb Code     2  use_no_semi.o(.text)
    __2printf                                0x000002d9   Thumb Code    20  noretval__2printf.o(.text)
    __use_two_region_memory                  0x000002f1   Thumb Code     2  heapauxi.o(.text)
    __rt_heap_escrow$2region                 0x000002f3   Thumb Code     2  heapauxi.o(.text)
    __rt_heap_expand$2region                 0x000002f5   Thumb Code     2  heapauxi.o(.text)
    SVC_Count                                0x000002f8   Data           4  SVC_Table.o(SVC_TABLE)
    SVC_Table                                0x000002fc   Data           0  SVC_Table.o(SVC_TABLE)
    Reset_Handler                            0x00000301   Thumb Code     4  startup_lpc17xx.o(.text)
    NMI_Handler                              0x00000305   Thumb Code     2  startup_lpc17xx.o(.text)
    HardFault_Handler                        0x00000307   Thumb Code     2  startup_lpc17xx.o(.text)
    MemManage_Handler                        0x00000309   Thumb Code     2  startup_lpc17xx.o(.text)
    BusFault_Handler                         0x0000030b   Thumb Code     2  startup_lpc17xx.o(.text)
    UsageFault_Handler                       0x0000030d   Thumb Code     2  startup_lpc17xx.o(.text)
    DebugMon_Handler                         0x00000311   Thumb Code     2  startup_lpc17xx.o(.text)
    ADC_IRQHandler                           0x00000317   Thumb Code     0  startup_lpc17xx.o(.text)
    BOD_IRQHandler                           0x00000317   Thumb Code     0  startup_lpc17xx.o(.text)
    CANActivity_IRQHandler                   0x00000317   Thumb Code     0  startup_lpc17xx.o(.text)
    CAN_IRQHandler                           0x00000317   Thumb Code     0  startup_lpc17xx.o(.text)
    DMA_IRQHandler                           0x00000317   Thumb Code     0  startup_lpc17xx.o(.text)
    EINT0_IRQHandler                         0x00000317   Thumb Code     0  startup_lpc17xx.o(.text)
    EINT1_IRQHandler                         0x00000317   Thumb Code     0  startup_lpc17xx.o(.text)
    EINT2_IRQHandler                         0x00000317   Thumb Code     0  startup_lpc17xx.o(.text)
    EINT3_IRQHandler                         0x00000317   Thumb Code     0  startup_lpc17xx.o(.text)
    ENET_IRQHandler                          0x00000317   Thumb Code     0  startup_lpc17xx.o(.text)
    I2C0_IRQHandler                          0x00000317   Thumb Code     0  startup_lpc17xx.o(.text)
    I2C1_IRQHandler                          0x00000317   Thumb Code     0  startup_lpc17xx.o(.text)
    I2C2_IRQHandler                          0x00000317   Thumb Code     0  startup_lpc17xx.o(.text)
    I2S_IRQHandler                           0x00000317   Thumb Code     0  startup_lpc17xx.o(.text)
    MCPWM_IRQHandler                         0x00000317   Thumb Code     0  startup_lpc17xx.o(.text)
    PLL0_IRQHandler                          0x00000317   Thumb Code     0  startup_lpc17xx.o(.text)
    PLL1_IRQHandler                          0x00000317   Thumb Code     0  startup_lpc17xx.o(.text)
    PWM1_IRQHandler                          0x00000317   Thumb Code     0  startup_lpc17xx.o(.text)
    QEI_IRQHandler                           0x00000317   Thumb Code     0  startup_lpc17xx.o(.text)
    RIT_IRQHandler                           0x00000317   Thumb Code     0  startup_lpc17xx.o(.text)
    RTC_IRQHandler                           0x00000317   Thumb Code     0  startup_lpc17xx.o(.text)
    SPI_IRQHandler                           0x00000317   Thumb Code     0  startup_lpc17xx.o(.text)
    SSP0_IRQHandler                          0x00000317   Thumb Code     0  startup_lpc17xx.o(.text)
    SSP1_IRQHandler                          0x00000317   Thumb Code     0  startup_lpc17xx.o(.text)
    TIMER0_IRQHandler                        0x00000317   Thumb Code     0  startup_lpc17xx.o(.text)
    TIMER1_IRQHandler                        0x00000317   Thumb Code     0  startup_lpc17xx.o(.text)
    TIMER2_IRQHandler                        0x00000317   Thumb Code     0  startup_lpc17xx.o(.text)
    TIMER3_IRQHandler                        0x00000317   Thumb Code     0  startup_lpc17xx.o(.text)
    UART0_IRQHandler                         0x00000317   Thumb Code     0  startup_lpc17xx.o(.text)
    UART1_IRQHandler                         0x00000317   Thumb Code     0  startup_lpc17xx.o(.text)
    UART2_IRQHandler                         0x00000317   Thumb Code     0  startup_lpc17xx.o(.text)
    UART3_IRQHandler                         0x00000317   Thumb Code     0  startup_lpc17xx.o(.text)
    USBActivity_IRQHandler                   0x00000317   Thumb Code     0  startup_lpc17xx.o(.text)
    USB_IRQHandler                           0x00000317   Thumb Code     0  startup_lpc17xx.o(.text)
    WDT_IRQHandler                           0x00000317   Thumb Code     0  startup_lpc17xx.o(.text)
    __user_initial_stackheap                 0x00000319   Thumb Code     0  startup_lpc17xx.o(.text)
    SystemInit                               0x00000335   Thumb Code   476  system_lpc17xx.o(.text)
    __RL_RTX_VER                             0x00000460   Number         0  rt_system.o ABSOLUTE
    os_idle_demon                            0x00000551   Thumb Code     4  rtx_conf_cm.o(.text)
    os_tmr_call                              0x00000555   Thumb Code     2  rtx_conf_cm.o(.text)
    os_error                                 0x00000557   Thumb Code     4  rtx_conf_cm.o(.text)
    __user_perthread_libspace                0x0000055b   Thumb Code    26  rtx_conf_cm.o(.text)
    _mutex_initialize                        0x00000575   Thumb Code    38  rtx_conf_cm.o(.text)
    _mutex_acquire                           0x0000059b   Thumb Code    26  rtx_conf_cm.o(.text)
    _mutex_release                           0x000005b5   Thumb Code    22  rtx_conf_cm.o(.text)
    uart_init                                0x000005e5   Thumb Code    94  uart_polling.o(.text)
    uart_get_char                            0x00000643   Thumb Code    36  uart_polling.o(.text)
    uart_put_char                            0x00000667   Thumb Code    38  uart_polling.o(.text)
    uart_put_string                          0x0000068d   Thumb Code    38  uart_polling.o(.text)
    sendchar                                 0x000006c1   Thumb Code    28  retarget.o(.text)
    getkey                                   0x000006dd   Thumb Code    10  retarget.o(.text)
    fputc                                    0x000006e7   Thumb Code    14  retarget.o(.text)
    fgetc                                    0x000006f5   Thumb Code    10  retarget.o(.text)
    ferror                                   0x000006ff   Thumb Code     8  retarget.o(.text)
    _ttywrch                                 0x00000707   Thumb Code    12  retarget.o(.text)
    _sys_exit                                0x00000713   Thumb Code     4  retarget.o(.text)
    task1                                    0x00000719   Thumb Code    30  helloworld.o(.text)
    task2                                    0x00000737   Thumb Code    46  helloworld.o(.text)
    task3                                    0x00000765   Thumb Code    48  helloworld.o(.text)
    task4                                    0x00000795   Thumb Code    48  helloworld.o(.text)
    task5                                    0x000007c5   Thumb Code   140  helloworld.o(.text)
    init                                     0x00000851   Thumb Code   108  helloworld.o(.text)
    main                                     0x000008bd   Thumb Code    34  helloworld.o(.text)
    __printf                                 0x00000979   Thumb Code   106  __printf.o(.text)
    _printf_int_dec                          0x000009e5   Thumb Code   102  _printf_dec.o(.text)
    _printf_int_hex                          0x00000a5d   Thumb Code    88  _printf_hex_int.o(.text)
    _printf_longlong_hex                     0x00000a5d   Thumb Code     0  _printf_hex_int.o(.text)
    _printf_int_common                       0x00000ab9   Thumb Code   184  _printf_intcommon.o(.text)
    _printf_char_file                        0x00000b71   Thumb Code    32  _printf_char_file.o(.text)
    _printf_char_common                      0x00000b9f   Thumb Code    32  _printf_char_common.o(.text)
    __user_setup_stackheap                   0x00000bc5   Thumb Code    74  sys_stackheap_outer.o(.text)
    exit                                     0x00000c0f   Thumb Code    12  exit.o(.text)
    _init_box                                0x00000c1b   Thumb Code    88  rt_membox.o(i._init_box)
    dbg_init                                 0x00000c75   Thumb Code    40  hal_cm3.o(i.dbg_init)
    dbg_task_notify                          0x00000ca9   Thumb Code    44  hal_cm3.o(i.dbg_task_notify)
    dbg_task_switch                          0x00000cd9   Thumb Code    18  hal_cm3.o(i.dbg_task_switch)
    os_tick_init                             0x00000cf1   Thumb Code    38  rt_system.o(i.os_tick_init)
    os_tick_irqack                           0x00000d21   Thumb Code     2  rt_system.o(i.os_tick_irqack)
    rt_alloc_box                             0x00000d23   Thumb Code    30  rt_membox.o(i.rt_alloc_box)
    rt_block                                 0x00000d41   Thumb Code    48  rt_task.o(i.rt_block)
    rt_chk_robin                             0x00000d79   Thumb Code    76  rt_robin.o(i.rt_chk_robin)
    rt_dec_dly                               0x00000dd1   Thumb Code   134  rt_list.o(i.rt_dec_dly)
    rt_dispatch                              0x00000e65   Thumb Code    72  rt_task.o(i.rt_dispatch)
    rt_dly_wait                              0x00000eb5   Thumb Code    14  rt_time.o(i.rt_dly_wait)
    rt_evt_psh                               0x00000ec5   Thumb Code    84  rt_event.o(i.rt_evt_psh)
    rt_free_box                              0x00000f1d   Thumb Code    36  rt_membox.o(i.rt_free_box)
    rt_get_first                             0x00000f69   Thumb Code    50  rt_list.o(i.rt_get_first)
    rt_init_robin                            0x00000fe5   Thumb Code    14  rt_robin.o(i.rt_init_robin)
    rt_init_stack                            0x00000ffd   Thumb Code    76  hal_cm3.o(i.rt_init_stack)
    rt_mbx_psh                               0x00001051   Thumb Code   208  rt_mailbox.o(i.rt_mbx_psh)
    rt_mut_init                              0x00001125   Thumb Code    18  rt_mutex.o(i.rt_mut_init)
    rt_mut_release                           0x00001139   Thumb Code   208  rt_mutex.o(i.rt_mut_release)
    rt_mut_wait                              0x00001211   Thumb Code   132  rt_mutex.o(i.rt_mut_wait)
    rt_pop_req                               0x00001299   Thumb Code   152  rt_system.o(i.rt_pop_req)
    rt_put_dly                               0x0000133d   Thumb Code    88  rt_list.o(i.rt_put_dly)
    rt_put_prio                              0x00001399   Thumb Code    64  rt_list.o(i.rt_put_prio)
    rt_put_rdy_first                         0x000013d9   Thumb Code    16  rt_list.o(i.rt_put_rdy_first)
    rt_resort_prio                           0x000013ed   Thumb Code    48  rt_list.o(i.rt_resort_prio)
    rt_rmv_dly                               0x00001421   Thumb Code    40  rt_list.o(i.rt_rmv_dly)
    rt_rmv_list                              0x00001449   Thumb Code    48  rt_list.o(i.rt_rmv_list)
    rt_sem_psh                               0x0000147d   Thumb Code    50  rt_semaphore.o(i.rt_sem_psh)
    rt_stk_check                             0x000014b5   Thumb Code    40  rt_system.o(i.rt_stk_check)
    rt_switch_req                            0x000014e5   Thumb Code    38  rt_task.o(i.rt_switch_req)
    rt_sys_init                              0x00001515   Thumb Code   314  rt_task.o(i.rt_sys_init)
    rt_systick                               0x0000169d   Thumb Code    56  rt_system.o(i.rt_systick)
    rt_tmr_tick                              0x000016e1   Thumb Code    66  rt_timer.o(i.rt_tmr_tick)
    rt_tsk_count_get                         0x0000172d   Thumb Code    36  rt_task_ext.o(i.rt_tsk_count_get)
    rt_tsk_create                            0x0000175d   Thumb Code   108  rt_task.o(i.rt_tsk_create)
    rt_tsk_delete                            0x000017d9   Thumb Code   202  rt_task.o(i.rt_tsk_delete)
    rt_tsk_get                               0x000018bd   Thumb Code   188  rt_task_ext.o(i.rt_tsk_get)
    rt_tsk_self                              0x00001989   Thumb Code    18  rt_task.o(i.rt_tsk_self)
    __aeabi_ddiv                             0x000019a1   Thumb Code     0  ddiv.o(x$fpl$ddiv)
    _ddiv                                    0x000019a1   Thumb Code   552  ddiv.o(x$fpl$ddiv)
    __aeabi_d2uiz                            0x00001c51   Thumb Code     0  dfixu.o(x$fpl$dfixu)
    _dfixu                                   0x00001c51   Thumb Code    90  dfixu.o(x$fpl$dfixu)
    __aeabi_i2d                              0x00001cab   Thumb Code     0  dflt_clz.o(x$fpl$dflt)
    _dflt                                    0x00001cab   Thumb Code    46  dflt_clz.o(x$fpl$dflt)
    __aeabi_ui2d                             0x00001cd9   Thumb Code     0  dflt_clz.o(x$fpl$dfltu)
    _dfltu                                   0x00001cd9   Thumb Code    38  dflt_clz.o(x$fpl$dfltu)
    __aeabi_dmul                             0x00001d01   Thumb Code     0  dmul.o(x$fpl$dmul)
    _dmul                                    0x00001d01   Thumb Code   332  dmul.o(x$fpl$dmul)
    __fpl_dnaninf                            0x00001e55   Thumb Code   156  dnaninf.o(x$fpl$dnaninf)
    __fpl_dretinf                            0x00001ef1   Thumb Code    12  dretinf.o(x$fpl$dretinf)
    __I$use$fp                               0x00001efc   Number         0  usenofp.o(x$fpl$usenofp)
    os_maxtaskrun                            0x00001efc   Data           2  rtx_conf_cm.o(.constdata)
    os_stackinfo                             0x00001f00   Data           4  rtx_conf_cm.o(.constdata)
    os_rrobin                                0x00001f04   Data           4  rtx_conf_cm.o(.constdata)
    os_trv                                   0x00001f08   Data           4  rtx_conf_cm.o(.constdata)
    os_flags                                 0x00001f0c   Data           1  rtx_conf_cm.o(.constdata)
    os_clockrate                             0x00001f10   Data           4  rtx_conf_cm.o(.constdata)
    os_timernum                              0x00001f14   Data           4  rtx_conf_cm.o(.constdata)
    mp_tcb_size                              0x00001f18   Data           2  rtx_conf_cm.o(.constdata)
    mp_stk_size                              0x00001f1c   Data           4  rtx_conf_cm.o(.constdata)
    os_fifo_size                             0x00001f20   Data           1  rtx_conf_cm.o(.constdata)
    mp_tmr_size                              0x00001f22   Data           2  rtx_conf_cm.o(.constdata)
    Region$$Table$$Base                      0x00001f4c   Number         0  anon$$obj.o(Region$$Table)
    Region$$Table$$Limit                     0x00001f6c   Number         0  anon$$obj.o(Region$$Table)
    SystemFrequency                          0x10000000   Data           4  system_lpc17xx.o(.data)
    m_tmr                                    0x10000004   Data           4  rtx_conf_cm.o(.data)
    __stdout                                 0x1000000c   Data           4  retarget.o(.data)
    __stdin                                  0x10000010   Data           4  retarget.o(.data)
    p_tcb1                                   0x10000014   Data           4  helloworld.o(.data)
    p_tcb2                                   0x10000018   Data           4  helloworld.o(.data)
    p_tcb3                                   0x1000001c   Data           4  helloworld.o(.data)
    p_tcb4                                   0x10000020   Data           4  helloworld.o(.data)
    p_tcb5                                   0x10000024   Data           4  helloworld.o(.data)
    os_tsk                                   0x10000028   Data           8  rt_task.o(.data)
    os_time                                  0x10000030   Data           4  rt_time.o(.data)
    dbg_msg                                  0x10000034   Data           1  hal_cm3.o(.data)
    os_tick_irqn                             0x10000038   Data           4  rt_system.o(.data)
    os_robin                                 0x10000040   Data           8  rt_robin.o(.data)
    os_tmr                                   0x10000048   Data           8  rt_timer.o(.data)
    mp_tcb                                   0x10000050   Data         300  rtx_conf_cm.o(.bss)
    mp_stk                                   0x10000180   Data        7184  rtx_conf_cm.o(.bss)
    os_fifo                                  0x10001d90   Data         132  rtx_conf_cm.o(.bss)
    os_active_TCB                            0x10001e14   Data          24  rtx_conf_cm.o(.bss)
    os_idle_TCB                              0x100020cc   Data          48  rt_task.o(.bss)
    os_rdy                                   0x100020fc   Data          24  rt_list.o(.bss)
    os_dly                                   0x10002114   Data          24  rt_list.o(.bss)
    __libspace_start                         0x1000212c   Data          96  libspace.o(.bss)
    __temporary_stack_top$libspace           0x1000218c   Data           0  libspace.o(.bss)



==============================================================================

Memory Map of the image

  Image Entry point : 0x000000cd

  Load Region LR_IROM1 (Base: 0x00000000, Size: 0x00001fbc, Max: 0x00080000, ABSOLUTE)

    Execution Region ER_IROM1 (Base: 0x00000000, Size: 0x00001f6c, Max: 0x00080000, ABSOLUTE)

    Base Addr    Size         Type   Attr      Idx    E Section Name        Object

    0x00000000   0x000000cc   Data   RO            3    RESET               startup_lpc17xx.o
    0x000000cc   0x00000008   Code   RO          823  * !!!main             c_w.l(__main.o)
    0x000000d4   0x00000034   Code   RO          998    !!!scatter          c_w.l(__scatter.o)
    0x00000108   0x0000001a   Code   RO         1000    !!handler_copy      c_w.l(__scatter_copy.o)
    0x00000122   0x00000002   PAD
    0x00000124   0x0000001c   Code   RO         1002    !!handler_zi        c_w.l(__scatter_zi.o)
    0x00000140   0x00000000   Code   RO          820    .ARM.Collect$$_printf_percent$$00000000  c_w.l(_printf_percent.o)
    0x00000140   0x00000006   Code   RO          819    .ARM.Collect$$_printf_percent$$00000009  c_w.l(_printf_d.o)
    0x00000146   0x00000006   Code   RO          818    .ARM.Collect$$_printf_percent$$0000000C  c_w.l(_printf_x.o)
    0x0000014c   0x00000004   Code   RO          846    .ARM.Collect$$_printf_percent$$00000017  c_w.l(_printf_percent_end.o)
    0x00000150   0x00000002   Code   RO          880    .ARM.Collect$$libinit$$00000000  c_w.l(libinit.o)
    0x00000152   0x00000000   Code   RO          884    .ARM.Collect$$libinit$$00000002  c_w.l(libinit2.o)
    0x00000152   0x00000000   Code   RO          887    .ARM.Collect$$libinit$$00000008  c_w.l(libinit2.o)
    0x00000152   0x00000000   Code   RO          889    .ARM.Collect$$libinit$$0000000A  c_w.l(libinit2.o)
    0x00000152   0x00000000   Code   RO          891    .ARM.Collect$$libinit$$0000000C  c_w.l(libinit2.o)
    0x00000152   0x00000000   Code   RO          894    .ARM.Collect$$libinit$$0000000F  c_w.l(libinit2.o)
    0x00000152   0x00000000   Code   RO          896    .ARM.Collect$$libinit$$00000011  c_w.l(libinit2.o)
    0x00000152   0x00000000   Code   RO          898    .ARM.Collect$$libinit$$00000013  c_w.l(libinit2.o)
    0x00000152   0x00000000   Code   RO          900    .ARM.Collect$$libinit$$00000015  c_w.l(libinit2.o)
    0x00000152   0x00000000   Code   RO          902    .ARM.Collect$$libinit$$00000017  c_w.l(libinit2.o)
    0x00000152   0x00000000   Code   RO          904    .ARM.Collect$$libinit$$00000019  c_w.l(libinit2.o)
    0x00000152   0x00000000   Code   RO          906    .ARM.Collect$$libinit$$0000001B  c_w.l(libinit2.o)
    0x00000152   0x00000000   Code   RO          908    .ARM.Collect$$libinit$$0000001D  c_w.l(libinit2.o)
    0x00000152   0x00000000   Code   RO          910    .ARM.Collect$$libinit$$0000001F  c_w.l(libinit2.o)
    0x00000152   0x00000000   Code   RO          912    .ARM.Collect$$libinit$$00000021  c_w.l(libinit2.o)
    0x00000152   0x00000000   Code   RO          914    .ARM.Collect$$libinit$$00000023  c_w.l(libinit2.o)
    0x00000152   0x00000000   Code   RO          918    .ARM.Collect$$libinit$$0000002A  c_w.l(libinit2.o)
    0x00000152   0x00000000   Code   RO          920    .ARM.Collect$$libinit$$0000002C  c_w.l(libinit2.o)
    0x00000152   0x00000000   Code   RO          922    .ARM.Collect$$libinit$$0000002E  c_w.l(libinit2.o)
    0x00000152   0x00000000   Code   RO          924    .ARM.Collect$$libinit$$00000030  c_w.l(libinit2.o)
    0x00000152   0x00000002   Code   RO          925    .ARM.Collect$$libinit$$00000031  c_w.l(libinit2.o)
    0x00000154   0x00000002   Code   RO          943    .ARM.Collect$$libshutdown$$00000000  c_w.l(libshutdown.o)
    0x00000156   0x00000000   Code   RO          954    .ARM.Collect$$libshutdown$$00000003  c_w.l(libshutdown2.o)
    0x00000156   0x00000000   Code   RO          957    .ARM.Collect$$libshutdown$$00000006  c_w.l(libshutdown2.o)
    0x00000156   0x00000000   Code   RO          960    .ARM.Collect$$libshutdown$$00000009  c_w.l(libshutdown2.o)
    0x00000156   0x00000000   Code   RO          962    .ARM.Collect$$libshutdown$$0000000B  c_w.l(libshutdown2.o)
    0x00000156   0x00000000   Code   RO          965    .ARM.Collect$$libshutdown$$0000000E  c_w.l(libshutdown2.o)
    0x00000156   0x00000002   Code   RO          966    .ARM.Collect$$libshutdown$$0000000F  c_w.l(libshutdown2.o)
    0x00000158   0x00000000   Code   RO          841    .ARM.Collect$$rtentry$$00000000  c_w.l(rtentry.o)
    0x00000158   0x00000000   Code   RO          853    .ARM.Collect$$rtentry$$00000002  c_w.l(rtentry2.o)
    0x00000158   0x00000006   Code   RO          865    .ARM.Collect$$rtentry$$00000004  c_w.l(rtentry4.o)
    0x0000015e   0x00000000   Code   RO          855    .ARM.Collect$$rtentry$$00000009  c_w.l(rtentry2.o)
    0x0000015e   0x00000004   Code   RO          856    .ARM.Collect$$rtentry$$0000000A  c_w.l(rtentry2.o)
    0x00000162   0x00000000   Code   RO          858    .ARM.Collect$$rtentry$$0000000C  c_w.l(rtentry2.o)
    0x00000162   0x00000008   Code   RO          859    .ARM.Collect$$rtentry$$0000000D  c_w.l(rtentry2.o)
    0x0000016a   0x00000002   Code   RO          881    .ARM.Collect$$rtexit$$00000000  c_w.l(rtexit.o)
    0x0000016c   0x00000000   Code   RO          927    .ARM.Collect$$rtexit$$00000002  c_w.l(rtexit2.o)
    0x0000016c   0x00000004   Code   RO          928    .ARM.Collect$$rtexit$$00000003  c_w.l(rtexit2.o)
    0x00000170   0x00000006   Code   RO          929    .ARM.Collect$$rtexit$$00000004  c_w.l(rtexit2.o)
    0x00000176   0x00000002   PAD
    0x00000178   0x00000154   Code   RO          351    .emb_text           RTX_CM3.lib(hal_cm3.o)
    0x000002cc   0x00000008   Code   RO          764    .text               c_w.l(libspace.o)
    0x000002d4   0x00000002   Code   RO          767    .text               c_w.l(use_no_semi.o)
    0x000002d6   0x00000002   PAD
    0x000002d8   0x00000018   Code   RO          771    .text               c_w.l(noretval__2printf.o)
    0x000002f0   0x00000006   Code   RO          821    .text               c_w.l(heapauxi.o)
    0x000002f6   0x00000002   PAD
    0x000002f8   0x00000004   Code   RO          606    SVC_TABLE           RTX_CM3.lib(SVC_Table.o)
    0x000002fc   0x00000004   Code   RO            4    .ARM.__at_0x02FC    startup_lpc17xx.o
    0x00000300   0x00000034   Code   RO            5    .text               startup_lpc17xx.o
    0x00000334   0x0000021c   Code   RO           15    .text               system_lpc17xx.o
    0x00000550   0x00000094   Code   RO           57    .text               rtx_conf_cm.o
    0x000005e4   0x000000dc   Code   RO           83    .text               uart_polling.o
    0x000006c0   0x00000056   Code   RO          104    .text               retarget.o
    0x00000716   0x00000002   PAD
    0x00000718   0x00000260   Code   RO          128    .text               helloworld.o
    0x00000978   0x0000006a   Code   RO          773    .text               c_w.l(__printf.o)
    0x000009e2   0x00000002   PAD
    0x000009e4   0x00000078   Code   RO          775    .text               c_w.l(_printf_dec.o)
    0x00000a5c   0x0000005c   Code   RO          780    .text               c_w.l(_printf_hex_int.o)
    0x00000ab8   0x000000b8   Code   RO          842    .text               c_w.l(_printf_intcommon.o)
    0x00000b70   0x00000024   Code   RO          844    .text               c_w.l(_printf_char_file.o)
    0x00000b94   0x00000030   Code   RO          867    .text               c_w.l(_printf_char_common.o)
    0x00000bc4   0x0000004a   Code   RO          869    .text               c_w.l(sys_stackheap_outer.o)
    0x00000c0e   0x0000000c   Code   RO          873    .text               c_w.l(exit.o)
    0x00000c1a   0x00000058   Code   RO          577    i._init_box         RTX_CM3.lib(rt_membox.o)
    0x00000c72   0x00000002   PAD
    0x00000c74   0x00000034   Code   RO          352    i.dbg_init          RTX_CM3.lib(hal_cm3.o)
    0x00000ca8   0x00000030   Code   RO          353    i.dbg_task_notify   RTX_CM3.lib(hal_cm3.o)
    0x00000cd8   0x00000018   Code   RO          354    i.dbg_task_switch   RTX_CM3.lib(hal_cm3.o)
    0x00000cf0   0x00000030   Code   RO          393    i.os_tick_init      RTX_CM3.lib(rt_system.o)
    0x00000d20   0x00000002   Code   RO          394    i.os_tick_irqack    RTX_CM3.lib(rt_system.o)
    0x00000d22   0x0000001e   Code   RO          578    i.rt_alloc_box      RTX_CM3.lib(rt_membox.o)
    0x00000d40   0x00000038   Code   RO          159    i.rt_block          RTX_CM3.lib(rt_task.o)
    0x00000d78   0x00000058   Code   RO          555    i.rt_chk_robin      RTX_CM3.lib(rt_robin.o)
    0x00000dd0   0x00000094   Code   RO          476    i.rt_dec_dly        RTX_CM3.lib(rt_list.o)
    0x00000e64   0x00000050   Code   RO          160    i.rt_dispatch       RTX_CM3.lib(rt_task.o)
    0x00000eb4   0x0000000e   Code   RO          263    i.rt_dly_wait       RTX_CM3.lib(rt_time.o)
    0x00000ec2   0x00000002   PAD
    0x00000ec4   0x00000058   Code   RO          612    i.rt_evt_psh        RTX_CM3.lib(rt_event.o)
    0x00000f1c   0x00000024   Code   RO          579    i.rt_free_box       RTX_CM3.lib(rt_membox.o)
    0x00000f40   0x00000028   Code   RO          161    i.rt_get_TID        RTX_CM3.lib(rt_task.o)
    0x00000f68   0x00000032   Code   RO          477    i.rt_get_first      RTX_CM3.lib(rt_list.o)
    0x00000f9a   0x00000002   PAD
    0x00000f9c   0x00000048   Code   RO          162    i.rt_init_context   RTX_CM3.lib(rt_task.o)
    0x00000fe4   0x00000018   Code   RO          556    i.rt_init_robin     RTX_CM3.lib(rt_robin.o)
    0x00000ffc   0x00000054   Code   RO          355    i.rt_init_stack     RTX_CM3.lib(hal_cm3.o)
    0x00001050   0x000000d4   Code   RO          655    i.rt_mbx_psh        RTX_CM3.lib(rt_mailbox.o)
    0x00001124   0x00000012   Code   RO          300    i.rt_mut_init       RTX_CM3.lib(rt_mutex.o)
    0x00001136   0x00000002   PAD
    0x00001138   0x000000d8   Code   RO          301    i.rt_mut_release    RTX_CM3.lib(rt_mutex.o)
    0x00001210   0x00000088   Code   RO          302    i.rt_mut_wait       RTX_CM3.lib(rt_mutex.o)
    0x00001298   0x000000a4   Code   RO          395    i.rt_pop_req        RTX_CM3.lib(rt_system.o)
    0x0000133c   0x0000005c   Code   RO          480    i.rt_put_dly        RTX_CM3.lib(rt_list.o)
    0x00001398   0x00000040   Code   RO          481    i.rt_put_prio       RTX_CM3.lib(rt_list.o)
    0x000013d8   0x00000014   Code   RO          482    i.rt_put_rdy_first  RTX_CM3.lib(rt_list.o)
    0x000013ec   0x00000034   Code   RO          483    i.rt_resort_prio    RTX_CM3.lib(rt_list.o)
    0x00001420   0x00000028   Code   RO          484    i.rt_rmv_dly        RTX_CM3.lib(rt_list.o)
    0x00001448   0x00000034   Code   RO          485    i.rt_rmv_list       RTX_CM3.lib(rt_list.o)
    0x0000147c   0x00000038   Code   RO          701    i.rt_sem_psh        RTX_CM3.lib(rt_semaphore.o)
    0x000014b4   0x00000030   Code   RO          398    i.rt_stk_check      RTX_CM3.lib(rt_system.o)
    0x000014e4   0x00000030   Code   RO          163    i.rt_switch_req     RTX_CM3.lib(rt_task.o)
    0x00001514   0x00000188   Code   RO          164    i.rt_sys_init       RTX_CM3.lib(rt_task.o)
    0x0000169c   0x00000044   Code   RO          400    i.rt_systick        RTX_CM3.lib(rt_system.o)
    0x000016e0   0x0000004c   Code   RO          737    i.rt_tmr_tick       RTX_CM3.lib(rt_timer.o)
    0x0000172c   0x00000030   Code   RO          324    i.rt_tsk_count_get  RTX_CM3.lib(rt_task_ext.o)
    0x0000175c   0x0000007c   Code   RO          165    i.rt_tsk_create     RTX_CM3.lib(rt_task.o)
    0x000017d8   0x000000e4   Code   RO          166    i.rt_tsk_delete     RTX_CM3.lib(rt_task.o)
    0x000018bc   0x000000cc   Code   RO          325    i.rt_tsk_get        RTX_CM3.lib(rt_task_ext.o)
    0x00001988   0x00000018   Code   RO          169    i.rt_tsk_self       RTX_CM3.lib(rt_task.o)
    0x000019a0   0x000002b0   Code   RO          826    x$fpl$ddiv          fz_ws.l(ddiv.o)
    0x00001c50   0x0000005a   Code   RO          829    x$fpl$dfixu         fz_ws.l(dfixu.o)
    0x00001caa   0x0000002e   Code   RO          834    x$fpl$dflt          fz_ws.l(dflt_clz.o)
    0x00001cd8   0x00000026   Code   RO          833    x$fpl$dfltu         fz_ws.l(dflt_clz.o)
    0x00001cfe   0x00000002   PAD
    0x00001d00   0x00000154   Code   RO          839    x$fpl$dmul          fz_ws.l(dmul.o)
    0x00001e54   0x0000009c   Code   RO          847    x$fpl$dnaninf       fz_ws.l(dnaninf.o)
    0x00001ef0   0x0000000c   Code   RO          849    x$fpl$dretinf       fz_ws.l(dretinf.o)
    0x00001efc   0x00000000   Code   RO          851    x$fpl$usenofp       fz_ws.l(usenofp.o)
    0x00001efc   0x00000028   Data   RO           59    .constdata          rtx_conf_cm.o
    0x00001f24   0x00000028   Data   RO          781    .constdata          c_w.l(_printf_hex_int.o)
    0x00001f4c   0x00000020   Data   RO          996    Region$$Table       anon$$obj.o


    Execution Region RW_IRAM1 (Base: 0x10000000, Size: 0x00002390, Max: 0x00008000, ABSOLUTE)

    Base Addr    Size         Type   Attr      Idx    E Section Name        Object

    0x10000000   0x00000004   Data   RW           16    .data               system_lpc17xx.o
    0x10000004   0x00000008   Data   RW           60    .data               rtx_conf_cm.o
    0x1000000c   0x00000008   Data   RW          105    .data               retarget.o
    0x10000014   0x00000014   Data   RW          129    .data               helloworld.o
    0x10000028   0x00000008   Data   RW          171    .data               RTX_CM3.lib(rt_task.o)
    0x10000030   0x00000004   Data   RW          267    .data               RTX_CM3.lib(rt_time.o)
    0x10000034   0x00000001   Data   RW          356    .data               RTX_CM3.lib(hal_cm3.o)
    0x10000035   0x00000003   PAD
    0x10000038   0x00000007   Data   RW          403    .data               RTX_CM3.lib(rt_system.o)
    0x1000003f   0x00000001   PAD
    0x10000040   0x00000008   Data   RW          557    .data               RTX_CM3.lib(rt_robin.o)
    0x10000048   0x00000008   Data   RW          738    .data               RTX_CM3.lib(rt_timer.o)
    0x10000050   0x0000207c   Zero   RW           58    .bss                rtx_conf_cm.o
    0x100020cc   0x00000030   Zero   RW          170    .bss                RTX_CM3.lib(rt_task.o)
    0x100020fc   0x00000030   Zero   RW          486    .bss                RTX_CM3.lib(rt_list.o)
    0x1000212c   0x00000060   Zero   RW          765    .bss                c_w.l(libspace.o)
    0x1000218c   0x00000004   PAD
    0x10002190   0x00000000   Zero   RW            2    HEAP                startup_lpc17xx.o
    0x10002190   0x00000200   Zero   RW            1    STACK               startup_lpc17xx.o


==============================================================================

Image component sizes


      Code (inc. data)   RO Data    RW Data    ZI Data      Debug   Object Name

       608        154          0         20          0       2423   helloworld.o
        86          0          0          8          0       3058   retarget.o
       148         26         40          8       8316       9597   rtx_conf_cm.o
        56         22        204          0        512        920   startup_lpc17xx.o
       540         64          0          4          0      21583   system_lpc17xx.o
       220         14          0          0          0       1720   uart_polling.o

    ----------------------------------------------------------------------
      1660        280        276         40       8828      39301   Object Totals
         0          0         32          0          0          0   (incl. Generated)
         2          0          0          0          0          0   (incl. Padding)

    ----------------------------------------------------------------------

      Code (inc. data)   RO Data    RW Data    ZI Data      Debug   Library Member Name

         4          4          0          0          0        156   SVC_Table.o
       548         62          0          1          0       2693   hal_cm3.o
        88          4          0          0          0        565   rt_event.o
       518         30          0          0         48       4358   rt_list.o
       212          4          0          0          0        625   rt_mailbox.o
       154          0          0          0          0       1769   rt_membox.o
       370         12          0          0          0       1721   rt_mutex.o
       112         22          0          8          0        990   rt_robin.o
        56          6          0          0          0        493   rt_semaphore.o
       330         42          0          7          0       3086   rt_system.o
      1064        166          0          8         48       7168   rt_task.o
       252         28          0          0          0       1952   rt_task_ext.o
        14          0          0          4          0        588   rt_time.o
        76         10          0          8          0        627   rt_timer.o
         8          0          0          0          0         68   __main.o
       106          0          0          0          0         84   __printf.o
        52          8          0          0          0          0   __scatter.o
        26          0          0          0          0          0   __scatter_copy.o
        28          0          0          0          0          0   __scatter_zi.o
        48          6          0          0          0         96   _printf_char_common.o
        36          4          0          0          0         80   _printf_char_file.o
         6          0          0          0          0          0   _printf_d.o
       120         18          0          0          0         92   _printf_dec.o
        92          4         40          0          0         88   _printf_hex_int.o
       184          0          0          0          0         88   _printf_intcommon.o
         0          0          0          0          0          0   _printf_percent.o
         4          0          0          0          0          0   _printf_percent_end.o
         6          0          0          0          0          0   _printf_x.o
        12          0          0          0          0         72   exit.o
         6          0          0          0          0        152   heapauxi.o
         2          0          0          0          0          0   libinit.o
         2          0          0          0          0          0   libinit2.o
         2          0          0          0          0          0   libshutdown.o
         2          0          0          0          0          0   libshutdown2.o
         8          4          0          0         96         68   libspace.o
        24          4          0          0          0         84   noretval__2printf.o
         0          0          0          0          0          0   rtentry.o
        12          0          0          0          0          0   rtentry2.o
         6          0          0          0          0          0   rtentry4.o
         2          0          0          0          0          0   rtexit.o
        10          0          0          0          0          0   rtexit2.o
        74          0          0          0          0         80   sys_stackheap_outer.o
         2          0          0          0          0         68   use_no_semi.o
       688        140          0          0          0        212   ddiv.o
        90          4          0          0          0         92   dfixu.o
        84          0          0          0          0        136   dflt_clz.o
       340         12          0          0          0        104   dmul.o
       156          4          0          0          0         92   dnaninf.o
        12          0          0          0          0         68   dretinf.o
         0          0          0          0          0          0   usenofp.o

    ----------------------------------------------------------------------
      6068        598         40         40        196      28615   Library Totals
        20          0          0          4          4          0   (incl. Padding)

    ----------------------------------------------------------------------

      Code (inc. data)   RO Data    RW Data    ZI Data      Debug   Library Name

      3798        390          0         36         96      26791   RTX_CM3.lib
       880         48         40          0         96       1120   c_w.l
      1370        160          0          0          0        704   fz_ws.l

    ----------------------------------------------------------------------
      6068        598         40         40        196      28615   Library Totals

    ----------------------------------------------------------------------

==============================================================================


      Code (inc. data)   RO Data    RW Data    ZI Data      Debug   

      7728        878        316         80       9024      64432   Grand Totals
      7728        878        316         80       9024      64432   ELF Image Totals
      7728        878        316         80          0          0   ROM Totals

==============================================================================

    Total RO  Size (Code + RO Data)                 8044 (   7.86kB)
    Total RW  Size (RW Data + ZI Data)              9104 (   8.89kB)
    Total ROM Size (Code + RO Data + RW Data)       8124 (   7.93kB)

==============================================================================

